2026-07-24 07:54:27,757 - INFO - Лог-файл: logs/download_log_20260724.log
2026-07-24 07:54:27,973 - INFO - Wi-Fi интерфейс: wlo1
2026-07-24 07:54:28,126 - INFO - База данных инициализирована
2026-07-24 07:54:28,147 - INFO - Проверка камер: в БД с SSID=2, ожидается=2
2026-07-24 07:54:28,147 - INFO -   OK: GCBT40 | FF:FF:FF:10:84:11 | SSID: CAM_80f2
2026-07-24 07:54:28,147 - INFO -   OK: GCBT40 | FF:FF:FF:10:FD:CD | SSID: CAM_d713
2026-07-24 07:54:28,154 - INFO - 
Активные камеры в БД:
2026-07-24 07:54:28,154 - INFO -   GCBT40 | FF:FF:FF:10:84:11 | SSID: CAM_80f2
2026-07-24 07:54:28,154 - INFO -   GCBT40 | FF:FF:FF:10:FD:CD | SSID: CAM_d713
2026-07-24 07:54:28,154 - INFO - 
==================================================
2026-07-24 07:54:28,154 - INFO - ФАЗА 3: Скачивание файлов
2026-07-24 07:54:28,154 - INFO - ==================================================
2026-07-24 07:54:28,175 - INFO - [FF:FF:FF:10:84:11] SnapshotLog #36 создан (StartTime=2026-07-24 07:54:28.154981)
2026-07-24 07:54:28,175 - INFO - 
=== КАМЕРА 1/2: GCBT40 (FF:FF:FF:10:84:11) ===
2026-07-24 07:54:28,175 - INFO - BLE: Поиск устройства FF:FF:FF:10:84:11...
2026-07-24 07:54:28,360 - INFO - BLE: Устройство FF:FF:FF:10:84:11 найдено (GCBT40). Отправка 'open'...
2026-07-24 07:54:30,034 - INFO - BLE: Команда 'open' успешно отправлена на FF:FF:FF:10:84:11
2026-07-24 07:54:32,053 - INFO - Ожидание Wi-Fi (25 сек)...
2026-07-24 07:54:57,077 - INFO - Wi-Fi: Подключение к CAM_80f2 (таймаут 45 сек)...
2026-07-24 07:54:59,170 - INFO - Wi-Fi: Профиль 'CAM_80f2' создан
2026-07-24 07:55:09,156 - INFO - Wi-Fi: Подключено к CAM_80f2 (попытка 1)
2026-07-24 07:55:09,244 - INFO - HEALTH: камера доступна
2026-07-24 07:55:09,276 - INFO - HEALTH: камера доступна
2026-07-24 07:55:09,276 - INFO - API cmd=3015: запрос списка файлов -> http://192.168.1.254/?custom=1&cmd=3015
2026-07-24 07:55:09,311 - INFO - API cmd=3015: HTTP 200, 5671 байт
2026-07-24 07:55:09,311 - INFO - API cmd=3015 ответ:
<?xml version="1.0" encoding="UTF-8" ?>
<LIST>
<ALLFile><File>
<NAME>2026-0724-140753_000001.JPG</NAME>
<FPATH>A:\DCIM\PHOTO\2026-0724-140753_000001.JPG</FPATH>
<SIZE>5304499</SIZE>
<TIMECODE>1559785723</TIMECODE>
<TIME>2026/07/24 14:07:54</TIME>
<ATTR>32</ATTR></File>
</ALLFile>
<ALLFile><File>
<NAME>2026-0724-140853_000002.JPG</NAME>
<FPATH>A:\DCIM\PHOTO\2026-0724-140853_000002.JPG</FPATH>
<SIZE>6301760</SIZE>
<TIMECODE>1559785755</TIMECODE>
<TIME>2026/07/24 14:08:54</TIME>
<ATTR>32</ATTR></File>
</ALLFile>
<ALLFile><File>
<NAME>2026-0724-140904_000003.JPG</NAME>
<FPATH>A:\DCIM\PHOTO\2026-0724-140904_000003.JPG</FPATH>
<SIZE>6299633</SIZE>
<TIMECODE>1559785762</TIMECODE>
<TIME>2026/07/24 14:09:04</TIME>
<ATTR>32</ATTR></File>
</ALLFile>
<ALLFile><File>
<NAME>2026-0724-140950_000004.JPG</NAME>
<FPATH>A:\DCIM\PHOTO\2026-0724-140950_000004.JPG</FPATH>
<SIZE>6342773</SIZE>
<TIMECODE>1559785785</TIMECODE>
<TIME>2026/07/24 14:09:50</TIME>
<ATTR>32</ATTR></File>
</ALLFile>
<ALLFile><File>
<NAME>2026-0724-141110_000005.JPG</NAME>
<FPATH>A:\DCIM\PHOTO\2026-0724-141110_000005.JPG</FPATH>
<SIZE>6348367</SIZE>
<TIMECODE>1559785829</TIMECODE>
<TIME>2026/07/24 14:11:10</TIME>
<ATTR>32</ATTR></File>
</ALLFile>
<ALLFile><File>
<NAME>2026-0724-141138_000006.JPG</NAME>
<FPATH>A:\DCIM\PHOTO\2026-0724-141138_000006.JPG</FPATH>
<SIZE>5317741</SIZE>
<TIMECODE>1559785843</TIMECODE>
<TIME>2026/07/24 14:11:38</TIME>
<ATTR>32</ATTR></File>
</ALLFile>
<ALLFile><File>
<NAME>2026-0724-141504_000007.JPG</NAME>
<FPATH>A:\DCIM\PHOTO\2026-0724-141504_000007.JPG</FPATH>
<SIZE>5284709</SIZE>
<TIMECODE>1559785954</TIMECODE>
<TIME>2026/07/24 14:15:04</TIME>
<ATTR>32</ATTR></File>
</ALLFile>
<ALLFile><File>
<NAME>2026-0724-141529_000008.JPG</NAME>
<FPATH>A:\DCIM\PHOTO\2026-0724-141529_000008.JPG</FPATH>
<SIZE>5300423</SIZE>
<TIMECODE>1559785967</TIMECODE>
<TIME>2026/07/24 14:15:30</TIME>
<ATTR>32</ATTR></File>
</ALLFile>
<ALLFile><File>
<NAME>2026-0724-141548_000009.JPG</NAME>
<FPATH>A:\DCIM\PHOTO\2026-0724-141548_000009.JPG</FPATH>
<SIZE>5334061</SIZE>
<TIMECODE>1559785976</TIMECODE>
<TIME>2026/07/24 14:15:48</TIME>
<ATTR>32</ATTR></File>
</ALLFile>
<ALLFile><File>
<NAME>2026-0724-141728_000010.JPG</NAME>
<FPATH>A:\DCIM\PHOTO\2026-0724-141728_000010.JPG</FPATH>
<SIZE>5264105</SIZE>
<TIMECODE>1559786030</TIMECODE>
<TIME>2026/07/24 14:17:28</TIME>
<ATTR>32</ATTR></File>
</ALLFile>
<ALLFile><File>
<NAME>2026-0724-141842_000011.JPG</NAME>
<FPATH>A:\DCIM\PHOTO\2026-0724-141842_000011.JPG</FPATH>
<SIZE>5244252</SIZE>
<TIMECODE>1559786069</TIMECODE>
<TIME>2026/07/24 14:18:42</TIME>
<ATTR>32</ATTR></File>
</ALLFile>
<ALLFile><File>
<NAME>2026-0724-141929_000012.JPG</NAME>
<FPATH>A:\DCIM\PHOTO\2026-0724-141929_000012.JPG</FPATH>
<SIZE>5232542</SIZE>
<TIMECODE>1559786095</TIMECODE>
<TIME>2026/07/24 14:19:30</TIME>
<ATTR>32</ATTR></File>
</ALLFile>
<ALLFile><File>
<NAME>2026-0724-142007_000013.JPG</NAME>
<FPATH>A:\DCIM\PHOTO\2026-0724-142007_000013.JPG</FPATH>
<SIZE>5667275</SIZE>
<TIMECODE>1559786116</TIMECODE>
<TIME>2026/07/24 14:20:08</TIME>
<ATTR>32</ATTR></File>
</ALLFile>
<ALLFile><File>
<NAME>2026-0724-142052_000014.JPG</NAME>
<FPATH>A:\DCIM\PHOTO\2026-0724-142052_000014.JPG</FPATH>
<SIZE>6372834</SIZE>
<TIMECODE>1559786138</TIMECODE>
<TIME>2026/07/24 14:20:52</TIME>
<ATTR>32</ATTR></File>
</ALLFile>
<ALLFile><File>
<NAME>2026-0724-142650_000015.JPG</NAME>
<FPATH>A:\DCIM\PHOTO\2026-0724-142650_000015.JPG</FPATH>
<SIZE>5231499</SIZE>
<TIMECODE>1559786329</TIMECODE>
<TIME>2026/07/24 14:26:50</TIME>
<ATTR>32</ATTR></File>
</ALLFile>
<ALLFile><File>
<NAME>2026-0724-142736_000016.JPG</NAME>
<FPATH>A:\DCIM\PHOTO\2026-0724-142736_000016.JPG</FPATH>
<SIZE>5235639</SIZE>
<TIMECODE>1559786354</TIMECODE>
<TIME>2026/07/24 14:27:36</TIME>
<ATTR>32</ATTR></File>
</ALLFile>
<ALLFile><File>
<NAME>2026-0724-143510_000017.JPG</NAME>
<FPATH>A:\DCIM\PHOTO\2026-0724-143510_000017.JPG</FPATH>
<SIZE>5377756</SIZE>
<TIMECODE>1559786597</TIMECODE>
<TIME>2026/07/24 14:35:10</TIME>
<ATTR>32</ATTR></File>
</ALLFile>
<ALLFile><File>
<NAME>2026-0724-143849_000018.JPG</NAME>
<FPATH>A:\DCIM\PHOTO\2026-0724-143849_000018.JPG</FPATH>
<SIZE>5538462</SIZE>
<TIMECODE>1559786712</TIMECODE>
<TIME>2026/07/24 14:38:48</TIME>
<ATTR>32</ATTR></File>
</ALLFile>
<ALLFile><File>
<NAME>2026-0724-143856_000019.JPG</NAME>
<FPATH>A:\DCIM\PHOTO\2026-0724-143856_000019.JPG</FPATH>
<SIZE>5503964</SIZE>
<TIMECODE>1559786716</TIMECODE>
<TIME>2026/07/24 14:38:56</TIME>
<ATTR>32</ATTR></File>
</ALLFile>
<ALLFile><File>
<NAME>2026-0724-144136_000020.JPG</NAME>
<FPATH>A:\DCIM\PHOTO\2026-0724-144136_000020.JPG</FPATH>
<SIZE>5499411</SIZE>
<TIMECODE>1559786802</TIMECODE>
<TIME>2026/07/24 14:41:36</TIME>
<ATTR>32</ATTR></File>
</ALLFile>
<ALLFile><File>
<NAME>2026-0724-144310_000021.JPG</NAME>
<FPATH>A:\DCIM\PHOTO\2026-0724-144310_000021.JPG</FPATH>
<SIZE>6106367</SIZE>
<TIMECODE>1559786853</TIMECODE>
<TIME>2026/07/24 14:43:10</TIME>
<ATTR>32</ATTR></File>
</ALLFile>
<ALLFile><File>
<NAME>2026-0724-144611_000022.JPG</NAME>
<FPATH>A:\DCIM\PHOTO\2026-0724-144611_000022.JPG</FPATH>
<SIZE>5956463</SIZE>
<TIMECODE>1559786950</TIMECODE>
<TIME>2026/07/24 14:46:12</TIME>
<ATTR>32</ATTR></File>
</ALLFile>
<ALLFile><File>
<NAME>2026-0724-144911_000023.JPG</NAME>
<FPATH>A:\DCIM\PHOTO\2026-0724-144911_000023.JPG</FPATH>
<SIZE>5960215</SIZE>
<TIMECODE>1559787046</TIMECODE>
<TIME>2026/07/24 14:49:12</TIME>
<ATTR>32</ATTR></File>
</ALLFile>
<ALLFile><File>
<NAME>2026-0724-145212_000024.JPG</NAME>
<FPATH>A:\DCIM\PHOTO\2026-0724-145212_000024.JPG</FPATH>
<SIZE>6081009</SIZE>
<TIMECODE>1559787142</TIMECODE>
<TIME>2026/07/24 14:52:12</TIME>
<ATTR>32</ATTR></File>
</ALLFile>
</LIST>

2026-07-24 07:55:09,312 - INFO - [FF:FF:FF:10:84:11] Файлов на камере: 24
2026-07-24 07:55:09,403 - INFO - [FF:FF:FF:10:84:11] В БД уже было 53 записей. Добавлено новых: 24
2026-07-24 07:55:09,410 - INFO - [FF:FF:FF:10:84:11] Начало загрузки: 2026-0724-140753_000001.JPG
2026-07-24 07:55:12,133 - INFO - API cmd=4003: удаление -> http://192.168.1.254/?custom=1&cmd=4003&str=A:\DCIM\PHOTO\2026-0724-140753_000001.JPG
2026-07-24 07:55:12,242 - INFO - API cmd=4003: HTTP 200, ответ: <?xml version="1.0" encoding="UTF-8" ?>
<Function>
<Cmd>4003</Cmd>
<Status>0</Status>
</Function>
2026-07-24 07:55:12,242 - INFO - [FF:FF:FF:10:84:11] Удалён с камеры: 2026-0724-140753_000001.JPG
2026-07-24 07:55:12,495 - INFO - [FF:FF:FF:10:84:11] Начало загрузки: 2026-0724-140853_000002.JPG
2026-07-24 07:55:13,458 - INFO - Ресурсы освобождены
2026-07-24 07:58:40,868 - INFO - Лог-файл: logs/download_log_20260724.log
2026-07-24 07:58:40,895 - INFO - Wi-Fi интерфейс: wlo1
2026-07-24 07:58:41,045 - INFO - База данных инициализирована
2026-07-24 07:58:41,067 - INFO - Проверка камер: в БД с SSID=2, ожидается=2
2026-07-24 07:58:41,067 - INFO -   OK: GCBT40 | FF:FF:FF:10:84:11 | SSID: CAM_80f2
2026-07-24 07:58:41,067 - INFO -   OK: GCBT40 | FF:FF:FF:10:FD:CD | SSID: CAM_d713
2026-07-24 07:58:41,072 - INFO - 
Активные камеры в БД:
2026-07-24 07:58:41,073 - INFO -   GCBT40 | FF:FF:FF:10:84:11 | SSID: CAM_80f2
2026-07-24 07:58:41,073 - INFO -   GCBT40 | FF:FF:FF:10:FD:CD | SSID: CAM_d713
2026-07-24 07:58:41,073 - INFO - 
==================================================
2026-07-24 07:58:41,073 - INFO - ФАЗА 3: Скачивание файлов
2026-07-24 07:58:41,073 - INFO - ==================================================
2026-07-24 07:58:41,316 - INFO - [FF:FF:FF:10:84:11] SnapshotLog #37 создан (StartTime=2026-07-24 07:58:41.073641)
2026-07-24 07:58:41,316 - INFO - 
=== КАМЕРА 1/2: GCBT40 (FF:FF:FF:10:84:11) ===
2026-07-24 07:58:41,316 - INFO - BLE: Поиск устройства FF:FF:FF:10:84:11...
2026-07-24 07:58:41,533 - INFO - BLE: Устройство FF:FF:FF:10:84:11 найдено (GCBT40). Отправка 'open'...
2026-07-24 07:58:43,271 - INFO - BLE: Команда 'open' успешно отправлена на FF:FF:FF:10:84:11
2026-07-24 07:58:45,068 - INFO - Ожидание Wi-Fi (25 сек)...
2026-07-24 07:59:10,093 - INFO - Wi-Fi: Подключение к CAM_80f2 (таймаут 45 сек)...
2026-07-24 07:59:12,192 - INFO - Wi-Fi: Профиль 'CAM_80f2' создан
2026-07-24 07:59:22,435 - INFO - Wi-Fi: Подключено к CAM_80f2 (попытка 1)
2026-07-24 07:59:22,594 - INFO - HEALTH: камера доступна
2026-07-24 07:59:22,638 - INFO - HEALTH: камера доступна
2026-07-24 07:59:22,639 - INFO - API cmd=3015: запрос списка файлов -> http://192.168.1.254/?custom=1&cmd=3015
2026-07-24 07:59:22,672 - INFO - API cmd=3015: HTTP 200, 5437 байт
2026-07-24 07:59:22,673 - INFO - API cmd=3015 ответ:
<?xml version="1.0" encoding="UTF-8" ?>
<LIST>
<ALLFile><File>
<NAME>2026-0724-140853_000002.JPG</NAME>
<FPATH>A:\DCIM\PHOTO\2026-0724-140853_000002.JPG</FPATH>
<SIZE>6301760</SIZE>
<TIMECODE>1559785755</TIMECODE>
<TIME>2026/07/24 14:08:54</TIME>
<ATTR>32</ATTR></File>
</ALLFile>
<ALLFile><File>
<NAME>2026-0724-140904_000003.JPG</NAME>
<FPATH>A:\DCIM\PHOTO\2026-0724-140904_000003.JPG</FPATH>
<SIZE>6299633</SIZE>
<TIMECODE>1559785762</TIMECODE>
<TIME>2026/07/24 14:09:04</TIME>
<ATTR>32</ATTR></File>
</ALLFile>
<ALLFile><File>
<NAME>2026-0724-140950_000004.JPG</NAME>
<FPATH>A:\DCIM\PHOTO\2026-0724-140950_000004.JPG</FPATH>
<SIZE>6342773</SIZE>
<TIMECODE>1559785785</TIMECODE>
<TIME>2026/07/24 14:09:50</TIME>
<ATTR>32</ATTR></File>
</ALLFile>
<ALLFile><File>
<NAME>2026-0724-141110_000005.JPG</NAME>
<FPATH>A:\DCIM\PHOTO\2026-0724-141110_000005.JPG</FPATH>
<SIZE>6348367</SIZE>
<TIMECODE>1559785829</TIMECODE>
<TIME>2026/07/24 14:11:10</TIME>
<ATTR>32</ATTR></File>
</ALLFile>
<ALLFile><File>
<NAME>2026-0724-141138_000006.JPG</NAME>
<FPATH>A:\DCIM\PHOTO\2026-0724-141138_000006.JPG</FPATH>
<SIZE>5317741</SIZE>
<TIMECODE>1559785843</TIMECODE>
<TIME>2026/07/24 14:11:38</TIME>
<ATTR>32</ATTR></File>
</ALLFile>
<ALLFile><File>
<NAME>2026-0724-141504_000007.JPG</NAME>
<FPATH>A:\DCIM\PHOTO\2026-0724-141504_000007.JPG</FPATH>
<SIZE>5284709</SIZE>
<TIMECODE>1559785954</TIMECODE>
<TIME>2026/07/24 14:15:04</TIME>
<ATTR>32</ATTR></File>
</ALLFile>
<ALLFile><File>
<NAME>2026-0724-141529_000008.JPG</NAME>
<FPATH>A:\DCIM\PHOTO\2026-0724-141529_000008.JPG</FPATH>
<SIZE>5300423</SIZE>
<TIMECODE>1559785967</TIMECODE>
<TIME>2026/07/24 14:15:30</TIME>
<ATTR>32</ATTR></File>
</ALLFile>
<ALLFile><File>
<NAME>2026-0724-141548_000009.JPG</NAME>
<FPATH>A:\DCIM\PHOTO\2026-0724-141548_000009.JPG</FPATH>
<SIZE>5334061</SIZE>
<TIMECODE>1559785976</TIMECODE>
<TIME>2026/07/24 14:15:48</TIME>
<ATTR>32</ATTR></File>
</ALLFile>
<ALLFile><File>
<NAME>2026-0724-141728_000010.JPG</NAME>
<FPATH>A:\DCIM\PHOTO\2026-0724-141728_000010.JPG</FPATH>
<SIZE>5264105</SIZE>
<TIMECODE>1559786030</TIMECODE>
<TIME>2026/07/24 14:17:28</TIME>
<ATTR>32</ATTR></File>
</ALLFile>
<ALLFile><File>
<NAME>2026-0724-141842_000011.JPG</NAME>
<FPATH>A:\DCIM\PHOTO\2026-0724-141842_000011.JPG</FPATH>
<SIZE>5244252</SIZE>
<TIMECODE>1559786069</TIMECODE>
<TIME>2026/07/24 14:18:42</TIME>
<ATTR>32</ATTR></File>
</ALLFile>
<ALLFile><File>
<NAME>2026-0724-141929_000012.JPG</NAME>
<FPATH>A:\DCIM\PHOTO\2026-0724-141929_000012.JPG</FPATH>
<SIZE>5232542</SIZE>
<TIMECODE>1559786095</TIMECODE>
<TIME>2026/07/24 14:19:30</TIME>
<ATTR>32</ATTR></File>
</ALLFile>
<ALLFile><File>
<NAME>2026-0724-142007_000013.JPG</NAME>
<FPATH>A:\DCIM\PHOTO\2026-0724-142007_000013.JPG</FPATH>
<SIZE>5667275</SIZE>
<TIMECODE>1559786116</TIMECODE>
<TIME>2026/07/24 14:20:08</TIME>
<ATTR>32</ATTR></File>
</ALLFile>
<ALLFile><File>
<NAME>2026-0724-142052_000014.JPG</NAME>
<FPATH>A:\DCIM\PHOTO\2026-0724-142052_000014.JPG</FPATH>
<SIZE>6372834</SIZE>
<TIMECODE>1559786138</TIMECODE>
<TIME>2026/07/24 14:20:52</TIME>
<ATTR>32</ATTR></File>
</ALLFile>
<ALLFile><File>
<NAME>2026-0724-142650_000015.JPG</NAME>
<FPATH>A:\DCIM\PHOTO\2026-0724-142650_000015.JPG</FPATH>
<SIZE>5231499</SIZE>
<TIMECODE>1559786329</TIMECODE>
<TIME>2026/07/24 14:26:50</TIME>
<ATTR>32</ATTR></File>
</ALLFile>
<ALLFile><File>
<NAME>2026-0724-142736_000016.JPG</NAME>
<FPATH>A:\DCIM\PHOTO\2026-0724-142736_000016.JPG</FPATH>
<SIZE>5235639</SIZE>
<TIMECODE>1559786354</TIMECODE>
<TIME>2026/07/24 14:27:36</TIME>
<ATTR>32</ATTR></File>
</ALLFile>
<ALLFile><File>
<NAME>2026-0724-143510_000017.JPG</NAME>
<FPATH>A:\DCIM\PHOTO\2026-0724-143510_000017.JPG</FPATH>
<SIZE>5377756</SIZE>
<TIMECODE>1559786597</TIMECODE>
<TIME>2026/07/24 14:35:10</TIME>
<ATTR>32</ATTR></File>
</ALLFile>
<ALLFile><File>
<NAME>2026-0724-143849_000018.JPG</NAME>
<FPATH>A:\DCIM\PHOTO\2026-0724-143849_000018.JPG</FPATH>
<SIZE>5538462</SIZE>
<TIMECODE>1559786712</TIMECODE>
<TIME>2026/07/24 14:38:48</TIME>
<ATTR>32</ATTR></File>
</ALLFile>
<ALLFile><File>
<NAME>2026-0724-143856_000019.JPG</NAME>
<FPATH>A:\DCIM\PHOTO\2026-0724-143856_000019.JPG</FPATH>
<SIZE>5503964</SIZE>
<TIMECODE>1559786716</TIMECODE>
<TIME>2026/07/24 14:38:56</TIME>
<ATTR>32</ATTR></File>
</ALLFile>
<ALLFile><File>
<NAME>2026-0724-144136_000020.JPG</NAME>
<FPATH>A:\DCIM\PHOTO\2026-0724-144136_000020.JPG</FPATH>
<SIZE>5499411</SIZE>
<TIMECODE>1559786802</TIMECODE>
<TIME>2026/07/24 14:41:36</TIME>
<ATTR>32</ATTR></File>
</ALLFile>
<ALLFile><File>
<NAME>2026-0724-144310_000021.JPG</NAME>
<FPATH>A:\DCIM\PHOTO\2026-0724-144310_000021.JPG</FPATH>
<SIZE>6106367</SIZE>
<TIMECODE>1559786853</TIMECODE>
<TIME>2026/07/24 14:43:10</TIME>
<ATTR>32</ATTR></File>
</ALLFile>
<ALLFile><File>
<NAME>2026-0724-144611_000022.JPG</NAME>
<FPATH>A:\DCIM\PHOTO\2026-0724-144611_000022.JPG</FPATH>
<SIZE>5956463</SIZE>
<TIMECODE>1559786950</TIMECODE>
<TIME>2026/07/24 14:46:12</TIME>
<ATTR>32</ATTR></File>
</ALLFile>
<ALLFile><File>
<NAME>2026-0724-144911_000023.JPG</NAME>
<FPATH>A:\DCIM\PHOTO\2026-0724-144911_000023.JPG</FPATH>
<SIZE>5960215</SIZE>
<TIMECODE>1559787046</TIMECODE>
<TIME>2026/07/24 14:49:12</TIME>
<ATTR>32</ATTR></File>
</ALLFile>
<ALLFile><File>
<NAME>2026-0724-145212_000024.JPG</NAME>
<FPATH>A:\DCIM\PHOTO\2026-0724-145212_000024.JPG</FPATH>
<SIZE>6081009</SIZE>
<TIMECODE>1559787142</TIMECODE>
<TIME>2026/07/24 14:52:12</TIME>
<ATTR>32</ATTR></File>
</ALLFile>
</LIST>

2026-07-24 07:59:22,675 - INFO - [FF:FF:FF:10:84:11] Файлов на камере: 23
2026-07-24 07:59:22,725 - INFO - [FF:FF:FF:10:84:11] В БД уже было 77 записей. Добавлено новых: 0
2026-07-24 07:59:22,732 - INFO - [FF:FF:FF:10:84:11] Начало загрузки: 2026-0724-140853_000002.JPG
2026-07-24 07:59:26,670 - INFO - API cmd=4003: удаление -> http://192.168.1.254/?custom=1&cmd=4003&str=A:\DCIM\PHOTO\2026-0724-140853_000002.JPG
2026-07-24 07:59:26,756 - INFO - API cmd=4003: HTTP 200, ответ: <?xml version="1.0" encoding="UTF-8" ?>
<Function>
<Cmd>4003</Cmd>
<Status>0</Status>
</Function>
2026-07-24 07:59:26,757 - INFO - [FF:FF:FF:10:84:11] Удалён с камеры: 2026-0724-140853_000002.JPG
2026-07-24 07:59:26,834 - INFO - [FF:FF:FF:10:84:11] Начало загрузки: 2026-0724-140904_000003.JPG
2026-07-24 07:59:28,347 - INFO - API cmd=4003: удаление -> http://192.168.1.254/?custom=1&cmd=4003&str=A:\DCIM\PHOTO\2026-0724-140904_000003.JPG
2026-07-24 07:59:28,437 - INFO - API cmd=4003: HTTP 200, ответ: <?xml version="1.0" encoding="UTF-8" ?>
<Function>
<Cmd>4003</Cmd>
<Status>0</Status>
</Function>
2026-07-24 07:59:28,437 - INFO - [FF:FF:FF:10:84:11] Удалён с камеры: 2026-0724-140904_000003.JPG
2026-07-24 07:59:28,453 - INFO - [FF:FF:FF:10:84:11] Начало загрузки: 2026-0724-140950_000004.JPG
2026-07-24 07:59:29,997 - INFO - API cmd=4003: удаление -> http://192.168.1.254/?custom=1&cmd=4003&str=A:\DCIM\PHOTO\2026-0724-140950_000004.JPG
2026-07-24 07:59:30,125 - INFO - API cmd=4003: HTTP 200, ответ: <?xml version="1.0" encoding="UTF-8" ?>
<Function>
<Cmd>4003</Cmd>
<Status>0</Status>
</Function>
2026-07-24 07:59:30,125 - INFO - [FF:FF:FF:10:84:11] Удалён с камеры: 2026-0724-140950_000004.JPG
2026-07-24 07:59:30,147 - INFO - [FF:FF:FF:10:84:11] Начало загрузки: 2026-0724-141110_000005.JPG
2026-07-24 07:59:31,680 - INFO - API cmd=4003: удаление -> http://192.168.1.254/?custom=1&cmd=4003&str=A:\DCIM\PHOTO\2026-0724-141110_000005.JPG
2026-07-24 07:59:31,760 - INFO - API cmd=4003: HTTP 200, ответ: <?xml version="1.0" encoding="UTF-8" ?>
<Function>
<Cmd>4003</Cmd>
<Status>0</Status>
</Function>
2026-07-24 07:59:31,760 - INFO - [FF:FF:FF:10:84:11] Удалён с камеры: 2026-0724-141110_000005.JPG
2026-07-24 07:59:31,779 - INFO - [FF:FF:FF:10:84:11] Начало загрузки: 2026-0724-141138_000006.JPG
2026-07-24 07:59:33,057 - INFO - API cmd=4003: удаление -> http://192.168.1.254/?custom=1&cmd=4003&str=A:\DCIM\PHOTO\2026-0724-141138_000006.JPG
2026-07-24 07:59:33,116 - INFO - API cmd=4003: HTTP 200, ответ: <?xml version="1.0" encoding="UTF-8" ?>
<Function>
<Cmd>4003</Cmd>
<Status>0</Status>
</Function>
2026-07-24 07:59:33,116 - INFO - [FF:FF:FF:10:84:11] Удалён с камеры: 2026-0724-141138_000006.JPG
2026-07-24 07:59:33,137 - INFO - [FF:FF:FF:10:84:11] Начало загрузки: 2026-0724-141504_000007.JPG
2026-07-24 07:59:34,406 - INFO - API cmd=4003: удаление -> http://192.168.1.254/?custom=1&cmd=4003&str=A:\DCIM\PHOTO\2026-0724-141504_000007.JPG
2026-07-24 07:59:34,461 - INFO - API cmd=4003: HTTP 200, ответ: <?xml version="1.0" encoding="UTF-8" ?>
<Function>
<Cmd>4003</Cmd>
<Status>0</Status>
</Function>
2026-07-24 07:59:34,461 - INFO - [FF:FF:FF:10:84:11] Удалён с камеры: 2026-0724-141504_000007.JPG
2026-07-24 07:59:34,483 - INFO - [FF:FF:FF:10:84:11] Начало загрузки: 2026-0724-141529_000008.JPG
2026-07-24 07:59:36,824 - INFO - API cmd=4003: удаление -> http://192.168.1.254/?custom=1&cmd=4003&str=A:\DCIM\PHOTO\2026-0724-141529_000008.JPG
2026-07-24 07:59:36,982 - INFO - API cmd=4003: HTTP 200, ответ: <?xml version="1.0" encoding="UTF-8" ?>
<Function>
<Cmd>4003</Cmd>
<Status>0</Status>
</Function>
2026-07-24 07:59:36,982 - INFO - [FF:FF:FF:10:84:11] Удалён с камеры: 2026-0724-141529_000008.JPG
2026-07-24 07:59:37,006 - INFO - [FF:FF:FF:10:84:11] Начало загрузки: 2026-0724-141548_000009.JPG
2026-07-24 07:59:40,025 - INFO - API cmd=4003: удаление -> http://192.168.1.254/?custom=1&cmd=4003&str=A:\DCIM\PHOTO\2026-0724-141548_000009.JPG
2026-07-24 07:59:40,082 - INFO - API cmd=4003: HTTP 200, ответ: <?xml version="1.0" encoding="UTF-8" ?>
<Function>
<Cmd>4003</Cmd>
<Status>0</Status>
</Function>
2026-07-24 07:59:40,082 - INFO - [FF:FF:FF:10:84:11] Удалён с камеры: 2026-0724-141548_000009.JPG
2026-07-24 07:59:40,324 - INFO - [FF:FF:FF:10:84:11] Начало загрузки: 2026-0724-141728_000010.JPG
2026-07-24 07:59:42,136 - INFO - API cmd=4003: удаление -> http://192.168.1.254/?custom=1&cmd=4003&str=A:\DCIM\PHOTO\2026-0724-141728_000010.JPG
2026-07-24 07:59:42,190 - INFO - API cmd=4003: HTTP 200, ответ: <?xml version="1.0" encoding="UTF-8" ?>
<Function>
<Cmd>4003</Cmd>
<Status>0</Status>
</Function>
2026-07-24 07:59:42,190 - INFO - [FF:FF:FF:10:84:11] Удалён с камеры: 2026-0724-141728_000010.JPG
2026-07-24 07:59:42,214 - INFO - [FF:FF:FF:10:84:11] Начало загрузки: 2026-0724-141842_000011.JPG
2026-07-24 07:59:43,438 - INFO - API cmd=4003: удаление -> http://192.168.1.254/?custom=1&cmd=4003&str=A:\DCIM\PHOTO\2026-0724-141842_000011.JPG
2026-07-24 07:59:43,487 - INFO - API cmd=4003: HTTP 200, ответ: <?xml version="1.0" encoding="UTF-8" ?>
<Function>
<Cmd>4003</Cmd>
<Status>0</Status>
</Function>
2026-07-24 07:59:43,488 - INFO - [FF:FF:FF:10:84:11] Удалён с камеры: 2026-0724-141842_000011.JPG
2026-07-24 07:59:43,505 - INFO - [FF:FF:FF:10:84:11] Начало загрузки: 2026-0724-141929_000012.JPG
2026-07-24 07:59:44,766 - INFO - API cmd=4003: удаление -> http://192.168.1.254/?custom=1&cmd=4003&str=A:\DCIM\PHOTO\2026-0724-141929_000012.JPG
2026-07-24 07:59:44,834 - INFO - API cmd=4003: HTTP 200, ответ: <?xml version="1.0" encoding="UTF-8" ?>
<Function>
<Cmd>4003</Cmd>
<Status>0</Status>
</Function>
2026-07-24 07:59:44,835 - INFO - [FF:FF:FF:10:84:11] Удалён с камеры: 2026-0724-141929_000012.JPG
2026-07-24 07:59:44,854 - INFO - [FF:FF:FF:10:84:11] Начало загрузки: 2026-0724-142007_000013.JPG
2026-07-24 07:59:46,166 - INFO - API cmd=4003: удаление -> http://192.168.1.254/?custom=1&cmd=4003&str=A:\DCIM\PHOTO\2026-0724-142007_000013.JPG
2026-07-24 07:59:46,220 - INFO - API cmd=4003: HTTP 200, ответ: <?xml version="1.0" encoding="UTF-8" ?>
<Function>
<Cmd>4003</Cmd>
<Status>0</Status>
</Function>
2026-07-24 07:59:46,221 - INFO - [FF:FF:FF:10:84:11] Удалён с камеры: 2026-0724-142007_000013.JPG
2026-07-24 07:59:46,238 - INFO - [FF:FF:FF:10:84:11] Начало загрузки: 2026-0724-142052_000014.JPG
2026-07-24 07:59:47,738 - INFO - API cmd=4003: удаление -> http://192.168.1.254/?custom=1&cmd=4003&str=A:\DCIM\PHOTO\2026-0724-142052_000014.JPG
2026-07-24 07:59:47,797 - INFO - API cmd=4003: HTTP 200, ответ: <?xml version="1.0" encoding="UTF-8" ?>
<Function>
<Cmd>4003</Cmd>
<Status>0</Status>
</Function>
2026-07-24 07:59:47,797 - INFO - [FF:FF:FF:10:84:11] Удалён с камеры: 2026-0724-142052_000014.JPG
2026-07-24 07:59:47,814 - INFO - [FF:FF:FF:10:84:11] Начало загрузки: 2026-0724-142650_000015.JPG
2026-07-24 07:59:49,081 - INFO - API cmd=4003: удаление -> http://192.168.1.254/?custom=1&cmd=4003&str=A:\DCIM\PHOTO\2026-0724-142650_000015.JPG
2026-07-24 07:59:49,135 - INFO - API cmd=4003: HTTP 200, ответ: <?xml version="1.0" encoding="UTF-8" ?>
<Function>
<Cmd>4003</Cmd>
<Status>0</Status>
</Function>
2026-07-24 07:59:49,136 - INFO - [FF:FF:FF:10:84:11] Удалён с камеры: 2026-0724-142650_000015.JPG
2026-07-24 07:59:49,154 - INFO - [FF:FF:FF:10:84:11] Начало загрузки: 2026-0724-142736_000016.JPG
2026-07-24 07:59:51,044 - INFO - API cmd=4003: удаление -> http://192.168.1.254/?custom=1&cmd=4003&str=A:\DCIM\PHOTO\2026-0724-142736_000016.JPG
2026-07-24 07:59:51,102 - INFO - API cmd=4003: HTTP 200, ответ: <?xml version="1.0" encoding="UTF-8" ?>
<Function>
<Cmd>4003</Cmd>
<Status>0</Status>
</Function>
2026-07-24 07:59:51,102 - INFO - [FF:FF:FF:10:84:11] Удалён с камеры: 2026-0724-142736_000016.JPG
2026-07-24 07:59:51,159 - INFO - [FF:FF:FF:10:84:11] Начало загрузки: 2026-0724-143510_000017.JPG
2026-07-24 07:59:54,409 - INFO - API cmd=4003: удаление -> http://192.168.1.254/?custom=1&cmd=4003&str=A:\DCIM\PHOTO\2026-0724-143510_000017.JPG
2026-07-24 07:59:54,543 - INFO - API cmd=4003: HTTP 200, ответ: <?xml version="1.0" encoding="UTF-8" ?>
<Function>
<Cmd>4003</Cmd>
<Status>0</Status>
</Function>
2026-07-24 07:59:54,543 - INFO - [FF:FF:FF:10:84:11] Удалён с камеры: 2026-0724-143510_000017.JPG
2026-07-24 07:59:54,561 - INFO - [FF:FF:FF:10:84:11] Начало загрузки: 2026-0724-143849_000018.JPG
2026-07-24 07:59:57,296 - INFO - API cmd=4003: удаление -> http://192.168.1.254/?custom=1&cmd=4003&str=A:\DCIM\PHOTO\2026-0724-143849_000018.JPG
2026-07-24 07:59:57,350 - INFO - API cmd=4003: HTTP 200, ответ: <?xml version="1.0" encoding="UTF-8" ?>
<Function>
<Cmd>4003</Cmd>
<Status>0</Status>
</Function>
2026-07-24 07:59:57,351 - INFO - [FF:FF:FF:10:84:11] Удалён с камеры: 2026-0724-143849_000018.JPG
2026-07-24 07:59:57,373 - INFO - [FF:FF:FF:10:84:11] Начало загрузки: 2026-0724-143856_000019.JPG
2026-07-24 07:59:58,736 - INFO - API cmd=4003: удаление -> http://192.168.1.254/?custom=1&cmd=4003&str=A:\DCIM\PHOTO\2026-0724-143856_000019.JPG
2026-07-24 07:59:58,794 - INFO - API cmd=4003: HTTP 200, ответ: <?xml version="1.0" encoding="UTF-8" ?>
<Function>
<Cmd>4003</Cmd>
<Status>0</Status>
</Function>
2026-07-24 07:59:58,794 - INFO - [FF:FF:FF:10:84:11] Удалён с камеры: 2026-0724-143856_000019.JPG
2026-07-24 07:59:58,813 - INFO - [FF:FF:FF:10:84:11] Начало загрузки: 2026-0724-144136_000020.JPG
2026-07-24 08:00:00,064 - INFO - API cmd=4003: удаление -> http://192.168.1.254/?custom=1&cmd=4003&str=A:\DCIM\PHOTO\2026-0724-144136_000020.JPG
2026-07-24 08:00:00,122 - INFO - API cmd=4003: HTTP 200, ответ: <?xml version="1.0" encoding="UTF-8" ?>
<Function>
<Cmd>4003</Cmd>
<Status>0</Status>
</Function>
2026-07-24 08:00:00,123 - INFO - [FF:FF:FF:10:84:11] Удалён с камеры: 2026-0724-144136_000020.JPG
2026-07-24 08:00:00,144 - INFO - [FF:FF:FF:10:84:11] Начало загрузки: 2026-0724-144310_000021.JPG
2026-07-24 08:00:01,676 - INFO - API cmd=4003: удаление -> http://192.168.1.254/?custom=1&cmd=4003&str=A:\DCIM\PHOTO\2026-0724-144310_000021.JPG
2026-07-24 08:00:01,734 - INFO - API cmd=4003: HTTP 200, ответ: <?xml version="1.0" encoding="UTF-8" ?>
<Function>
<Cmd>4003</Cmd>
<Status>0</Status>
</Function>
2026-07-24 08:00:01,735 - INFO - [FF:FF:FF:10:84:11] Удалён с камеры: 2026-0724-144310_000021.JPG
2026-07-24 08:00:01,756 - INFO - [FF:FF:FF:10:84:11] Начало загрузки: 2026-0724-144611_000022.JPG
2026-07-24 08:00:03,140 - INFO - API cmd=4003: удаление -> http://192.168.1.254/?custom=1&cmd=4003&str=A:\DCIM\PHOTO\2026-0724-144611_000022.JPG
2026-07-24 08:00:03,197 - INFO - API cmd=4003: HTTP 200, ответ: <?xml version="1.0" encoding="UTF-8" ?>
<Function>
<Cmd>4003</Cmd>
<Status>0</Status>
</Function>
2026-07-24 08:00:03,198 - INFO - [FF:FF:FF:10:84:11] Удалён с камеры: 2026-0724-144611_000022.JPG
2026-07-24 08:00:03,214 - INFO - [FF:FF:FF:10:84:11] Начало загрузки: 2026-0724-144911_000023.JPG
2026-07-24 08:00:04,615 - INFO - API cmd=4003: удаление -> http://192.168.1.254/?custom=1&cmd=4003&str=A:\DCIM\PHOTO\2026-0724-144911_000023.JPG
2026-07-24 08:00:04,667 - INFO - API cmd=4003: HTTP 200, ответ: <?xml version="1.0" encoding="UTF-8" ?>
<Function>
<Cmd>4003</Cmd>
<Status>0</Status>
</Function>
2026-07-24 08:00:04,668 - INFO - [FF:FF:FF:10:84:11] Удалён с камеры: 2026-0724-144911_000023.JPG
2026-07-24 08:00:04,689 - INFO - [FF:FF:FF:10:84:11] Начало загрузки: 2026-0724-145212_000024.JPG
2026-07-24 08:00:07,826 - INFO - API cmd=4003: удаление -> http://192.168.1.254/?custom=1&cmd=4003&str=A:\DCIM\PHOTO\2026-0724-145212_000024.JPG
2026-07-24 08:00:08,107 - INFO - API cmd=4003: HTTP 200, ответ: <?xml version="1.0" encoding="UTF-8" ?>
<Function>
<Cmd>4003</Cmd>
<Status>0</Status>
</Function>
2026-07-24 08:00:08,108 - INFO - [FF:FF:FF:10:84:11] Удалён с камеры: 2026-0724-145212_000024.JPG
2026-07-24 08:00:08,128 - INFO - [FF:FF:FF:10:84:11] Итого: скачано=23, пропущено=0, ошибок=0
2026-07-24 08:00:08,139 - INFO - [FF:FF:FF:10:84:11] Сжатие изображений в /scanner/downloads/1/20260724
2026-07-24 08:00:08,142 - INFO - Найдено 24 JPG файлов для сжатия
2026-07-24 08:00:08,143 - INFO - Качество сжатия: -q:v 12
2026-07-24 08:00:08,143 - INFO - Сжатие: 1_2026-0724-140753_000001.JPG -> 1_2026-0724-140753_000001_cmp_12.JPG
2026-07-24 08:00:08,596 - INFO - OK: 1_2026-0724-140753_000001.JPG (5304499 байт) -> 1_2026-0724-140753_000001_cmp_12.JPG (472159 байт, -91.1%)
2026-07-24 08:00:08,596 - INFO - Сжатие: 1_2026-0724-140853_000002.JPG -> 1_2026-0724-140853_000002_cmp_12.JPG
2026-07-24 08:00:09,097 - INFO - OK: 1_2026-0724-140853_000002.JPG (6301760 байт) -> 1_2026-0724-140853_000002_cmp_12.JPG (466177 байт, -92.6%)
2026-07-24 08:00:09,098 - INFO - Сжатие: 1_2026-0724-140904_000003.JPG -> 1_2026-0724-140904_000003_cmp_12.JPG
2026-07-24 08:00:09,555 - INFO - OK: 1_2026-0724-140904_000003.JPG (6299633 байт) -> 1_2026-0724-140904_000003_cmp_12.JPG (465763 байт, -92.6%)
2026-07-24 08:00:09,555 - INFO - Сжатие: 1_2026-0724-140950_000004.JPG -> 1_2026-0724-140950_000004_cmp_12.JPG
2026-07-24 08:00:10,031 - INFO - OK: 1_2026-0724-140950_000004.JPG (6342773 байт) -> 1_2026-0724-140950_000004_cmp_12.JPG (472533 байт, -92.6%)
2026-07-24 08:00:10,032 - INFO - Сжатие: 1_2026-0724-141110_000005.JPG -> 1_2026-0724-141110_000005_cmp_12.JPG
2026-07-24 08:00:10,533 - INFO - OK: 1_2026-0724-141110_000005.JPG (6348367 байт) -> 1_2026-0724-141110_000005_cmp_12.JPG (462931 байт, -92.7%)
2026-07-24 08:00:10,534 - INFO - Сжатие: 1_2026-0724-141138_000006.JPG -> 1_2026-0724-141138_000006_cmp_12.JPG
2026-07-24 08:00:10,988 - INFO - OK: 1_2026-0724-141138_000006.JPG (5317741 байт) -> 1_2026-0724-141138_000006_cmp_12.JPG (472332 байт, -91.1%)
2026-07-24 08:00:10,989 - INFO - Сжатие: 1_2026-0724-141504_000007.JPG -> 1_2026-0724-141504_000007_cmp_12.JPG
2026-07-24 08:00:11,437 - INFO - OK: 1_2026-0724-141504_000007.JPG (5284709 байт) -> 1_2026-0724-141504_000007_cmp_12.JPG (473385 байт, -91.0%)
2026-07-24 08:00:11,437 - INFO - Сжатие: 1_2026-0724-141529_000008.JPG -> 1_2026-0724-141529_000008_cmp_12.JPG
2026-07-24 08:00:11,894 - INFO - OK: 1_2026-0724-141529_000008.JPG (5300423 байт) -> 1_2026-0724-141529_000008_cmp_12.JPG (477119 байт, -91.0%)
2026-07-24 08:00:11,894 - INFO - Сжатие: 1_2026-0724-141548_000009.JPG -> 1_2026-0724-141548_000009_cmp_12.JPG
2026-07-24 08:00:12,356 - INFO - OK: 1_2026-0724-141548_000009.JPG (5334061 байт) -> 1_2026-0724-141548_000009_cmp_12.JPG (478224 байт, -91.0%)
2026-07-24 08:00:12,356 - INFO - Сжатие: 1_2026-0724-141728_000010.JPG -> 1_2026-0724-141728_000010_cmp_12.JPG
2026-07-24 08:00:12,807 - INFO - OK: 1_2026-0724-141728_000010.JPG (5264105 байт) -> 1_2026-0724-141728_000010_cmp_12.JPG (474363 байт, -91.0%)
2026-07-24 08:00:12,807 - INFO - Сжатие: 1_2026-0724-141842_000011.JPG -> 1_2026-0724-141842_000011_cmp_12.JPG
2026-07-24 08:00:13,270 - INFO - OK: 1_2026-0724-141842_000011.JPG (5244252 байт) -> 1_2026-0724-141842_000011_cmp_12.JPG (464395 байт, -91.1%)
2026-07-24 08:00:13,271 - INFO - Сжатие: 1_2026-0724-141929_000012.JPG -> 1_2026-0724-141929_000012_cmp_12.JPG
2026-07-24 08:00:13,728 - INFO - OK: 1_2026-0724-141929_000012.JPG (5232542 байт) -> 1_2026-0724-141929_000012_cmp_12.JPG (463509 байт, -91.1%)
2026-07-24 08:00:13,728 - INFO - Сжатие: 1_2026-0724-142007_000013.JPG -> 1_2026-0724-142007_000013_cmp_12.JPG
2026-07-24 08:00:14,186 - INFO - OK: 1_2026-0724-142007_000013.JPG (5667275 байт) -> 1_2026-0724-142007_000013_cmp_12.JPG (513281 байт, -90.9%)
2026-07-24 08:00:14,186 - INFO - Сжатие: 1_2026-0724-142052_000014.JPG -> 1_2026-0724-142052_000014_cmp_12.JPG
2026-07-24 08:00:14,641 - INFO - OK: 1_2026-0724-142052_000014.JPG (6372834 байт) -> 1_2026-0724-142052_000014_cmp_12.JPG (462489 байт, -92.7%)
2026-07-24 08:00:14,642 - INFO - Сжатие: 1_2026-0724-142650_000015.JPG -> 1_2026-0724-142650_000015_cmp_12.JPG
2026-07-24 08:00:15,091 - INFO - OK: 1_2026-0724-142650_000015.JPG (5231499 байт) -> 1_2026-0724-142650_000015_cmp_12.JPG (464479 байт, -91.1%)
2026-07-24 08:00:15,091 - INFO - Сжатие: 1_2026-0724-142736_000016.JPG -> 1_2026-0724-142736_000016_cmp_12.JPG
2026-07-24 08:00:15,551 - INFO - OK: 1_2026-0724-142736_000016.JPG (5235639 байт) -> 1_2026-0724-142736_000016_cmp_12.JPG (465261 байт, -91.1%)
2026-07-24 08:00:15,551 - INFO - Сжатие: 1_2026-0724-143510_000017.JPG -> 1_2026-0724-143510_000017_cmp_12.JPG
2026-07-24 08:00:15,992 - INFO - OK: 1_2026-0724-143510_000017.JPG (5377756 байт) -> 1_2026-0724-143510_000017_cmp_12.JPG (377299 байт, -93.0%)
2026-07-24 08:00:15,993 - INFO - Сжатие: 1_2026-0724-143849_000018.JPG -> 1_2026-0724-143849_000018_cmp_12.JPG
2026-07-24 08:00:16,479 - INFO - OK: 1_2026-0724-143849_000018.JPG (5538462 байт) -> 1_2026-0724-143849_000018_cmp_12.JPG (502451 байт, -90.9%)
2026-07-24 08:00:16,480 - INFO - Сжатие: 1_2026-0724-143856_000019.JPG -> 1_2026-0724-143856_000019_cmp_12.JPG
2026-07-24 08:00:16,937 - INFO - OK: 1_2026-0724-143856_000019.JPG (5503964 байт) -> 1_2026-0724-143856_000019_cmp_12.JPG (487438 байт, -91.1%)
2026-07-24 08:00:16,938 - INFO - Сжатие: 1_2026-0724-144136_000020.JPG -> 1_2026-0724-144136_000020_cmp_12.JPG
2026-07-24 08:00:17,429 - INFO - OK: 1_2026-0724-144136_000020.JPG (5499411 байт) -> 1_2026-0724-144136_000020_cmp_12.JPG (485977 байт, -91.2%)
2026-07-24 08:00:17,429 - INFO - Сжатие: 1_2026-0724-144310_000021.JPG -> 1_2026-0724-144310_000021_cmp_12.JPG
2026-07-24 08:00:17,904 - INFO - OK: 1_2026-0724-144310_000021.JPG (6106367 байт) -> 1_2026-0724-144310_000021_cmp_12.JPG (553408 байт, -90.9%)
2026-07-24 08:00:17,905 - INFO - Сжатие: 1_2026-0724-144611_000022.JPG -> 1_2026-0724-144611_000022_cmp_12.JPG
2026-07-24 08:00:18,379 - INFO - OK: 1_2026-0724-144611_000022.JPG (5956463 байт) -> 1_2026-0724-144611_000022_cmp_12.JPG (530416 байт, -91.1%)
2026-07-24 08:00:18,379 - INFO - Сжатие: 1_2026-0724-144911_000023.JPG -> 1_2026-0724-144911_000023_cmp_12.JPG
2026-07-24 08:00:18,830 - INFO - OK: 1_2026-0724-144911_000023.JPG (5960215 байт) -> 1_2026-0724-144911_000023_cmp_12.JPG (590932 байт, -90.1%)
2026-07-24 08:00:18,830 - INFO - Сжатие: 1_2026-0724-145212_000024.JPG -> 1_2026-0724-145212_000024_cmp_12.JPG
2026-07-24 08:00:19,274 - INFO - OK: 1_2026-0724-145212_000024.JPG (6081009 байт) -> 1_2026-0724-145212_000024_cmp_12.JPG (568608 байт, -90.6%)
2026-07-24 08:00:19,274 - INFO - [FF:FF:FF:10:84:11] Сжатие: сжато=24, ошибок=0
2026-07-24 08:00:19,274 - INFO - [FF:FF:FF:10:84:11] Завершено. Закрываю Wi-Fi...
2026-07-24 08:00:19,274 - INFO - BLE: Поиск устройства FF:FF:FF:10:84:11...
2026-07-24 08:00:19,544 - INFO - BLE: Устройство FF:FF:FF:10:84:11 найдено (GCBT40). Отправка 'close'...
2026-07-24 08:00:21,326 - INFO - BLE: Команда 'close' успешно отправлена на FF:FF:FF:10:84:11
2026-07-24 08:00:26,004 - INFO - Wi-Fi: Отключение от 'CAM_80f2'...
2026-07-24 08:00:26,809 - INFO - [FF:FF:FF:10:84:11] BLE open: 1/8, Wi-Fi connect: 1, Wi-Fi reconnect: 0/9
2026-07-24 08:00:26,835 - INFO - [FF:FF:FF:10:84:11] SnapshotLog #37 обновлён (EndTime=2026-07-24 08:00:26.809805, duration=0:01:45.736164)
2026-07-24 08:00:26,835 - INFO - Пауза 20 сек...
2026-07-24 08:00:46,866 - INFO - [FF:FF:FF:10:FD:CD] SnapshotLog #38 создан (StartTime=2026-07-24 08:00:46.853188)
2026-07-24 08:00:46,867 - INFO - 
=== КАМЕРА 2/2: GCBT40 (FF:FF:FF:10:FD:CD) ===
2026-07-24 08:00:46,867 - INFO - BLE: Поиск устройства FF:FF:FF:10:FD:CD...
2026-07-24 08:00:47,135 - INFO - BLE: Устройство FF:FF:FF:10:FD:CD найдено (GCBT40). Отправка 'open'...
2026-07-24 08:00:48,846 - INFO - BLE: Команда 'open' успешно отправлена на FF:FF:FF:10:FD:CD
2026-07-24 08:00:51,091 - INFO - Ожидание Wi-Fi (25 сек)...
2026-07-24 08:01:16,111 - INFO - Wi-Fi: Подключение к CAM_d713 (таймаут 45 сек)...
2026-07-24 08:01:18,381 - INFO - Wi-Fi: Профиль 'CAM_d713' создан
2026-07-24 08:01:31,306 - INFO - Wi-Fi: Подключено к CAM_d713 (попытка 1)
2026-07-24 08:01:31,444 - INFO - HEALTH: камера доступна
2026-07-24 08:01:31,478 - INFO - HEALTH: камера доступна
2026-07-24 08:01:31,478 - INFO - API cmd=3015: запрос списка файлов -> http://192.168.1.254/?custom=1&cmd=3015
2026-07-24 08:01:31,510 - INFO - API cmd=3015: HTTP 200, 2161 байт
2026-07-24 08:01:31,511 - INFO - API cmd=3015 ответ:
<?xml version="1.0" encoding="UTF-8" ?>
<LIST>
<ALLFile><File>
<NAME>2026-0724-140936_000001.JPG</NAME>
<FPATH>A:\DCIM\PHOTO\2026-0724-140936_000001.JPG</FPATH>
<SIZE>5603884</SIZE>
<TIMECODE>1559785778</TIMECODE>
<TIME>2026/07/24 14:09:36</TIME>
<ATTR>32</ATTR></File>
</ALLFile>
<ALLFile><File>
<NAME>2026-0724-141449_000002.JPG</NAME>
<FPATH>A:\DCIM\PHOTO\2026-0724-141449_000002.JPG</FPATH>
<SIZE>5592706</SIZE>
<TIMECODE>1559785944</TIMECODE>
<TIME>2026/07/24 14:14:48</TIME>
<ATTR>32</ATTR></File>
</ALLFile>
<ALLFile><File>
<NAME>2026-0724-141516_000003.JPG</NAME>
<FPATH>A:\DCIM\PHOTO\2026-0724-141516_000003.JPG</FPATH>
<SIZE>5563707</SIZE>
<TIMECODE>1559785960</TIMECODE>
<TIME>2026/07/24 14:15:16</TIME>
<ATTR>32</ATTR></File>
</ALLFile>
<ALLFile><File>
<NAME>2026-0724-144406_000004.JPG</NAME>
<FPATH>A:\DCIM\PHOTO\2026-0724-144406_000004.JPG</FPATH>
<SIZE>5977246</SIZE>
<TIMECODE>1559786883</TIMECODE>
<TIME>2026/07/24 14:44:06</TIME>
<ATTR>32</ATTR></File>
</ALLFile>
<ALLFile><File>
<NAME>2026-0724-144709_000005.JPG</NAME>
<FPATH>A:\DCIM\PHOTO\2026-0724-144709_000005.JPG</FPATH>
<SIZE>6434796</SIZE>
<TIMECODE>1559786981</TIMECODE>
<TIME>2026/07/24 14:47:10</TIME>
<ATTR>32</ATTR></File>
</ALLFile>
<ALLFile><File>
<NAME>2026-0724-145014_000006.JPG</NAME>
<FPATH>A:\DCIM\PHOTO\2026-0724-145014_000006.JPG</FPATH>
<SIZE>6326065</SIZE>
<TIMECODE>1559787079</TIMECODE>
<TIME>2026/07/24 14:50:14</TIME>
<ATTR>32</ATTR></File>
</ALLFile>
<ALLFile><File>
<NAME>2026-0724-145310_000007.JPG</NAME>
<FPATH>A:\DCIM\PHOTO\2026-0724-145310_000007.JPG</FPATH>
<SIZE>6316948</SIZE>
<TIMECODE>1559787173</TIMECODE>
<TIME>2026/07/24 14:53:10</TIME>
<ATTR>32</ATTR></File>
</ALLFile>
<ALLFile><File>
<NAME>2026-0724-145538_000008.JPG</NAME>
<FPATH>A:\DCIM\PHOTO\2026-0724-145538_000008.JPG</FPATH>
<SIZE>5722622</SIZE>
<TIMECODE>1559787251</TIMECODE>
<TIME>2026/07/24 14:55:38</TIME>
<ATTR>32</ATTR></File>
</ALLFile>
<ALLFile><File>
<NAME>2026-0724-145728_000009.JPG</NAME>
<FPATH>A:\DCIM\PHOTO\2026-0724-145728_000009.JPG</FPATH>
<SIZE>5677013</SIZE>
<TIMECODE>1559787310</TIMECODE>
<TIME>2026/07/24 14:57:28</TIME>
<ATTR>32</ATTR></File>
</ALLFile>
</LIST>

2026-07-24 08:01:31,512 - INFO - [FF:FF:FF:10:FD:CD] Файлов на камере: 9
2026-07-24 08:01:31,557 - INFO - [FF:FF:FF:10:FD:CD] В БД уже было 24 записей. Добавлено новых: 9
2026-07-24 08:01:31,560 - INFO - [FF:FF:FF:10:FD:CD] Начало загрузки: 2026-0724-140936_000001.JPG
2026-07-24 08:01:34,347 - INFO - API cmd=4003: удаление -> http://192.168.1.254/?custom=1&cmd=4003&str=A:\DCIM\PHOTO\2026-0724-140936_000001.JPG
2026-07-24 08:01:34,388 - INFO - API cmd=4003: HTTP 200, ответ: <?xml version="1.0" encoding="UTF-8" ?>
<Function>
<Cmd>4003</Cmd>
<Status>0</Status>
</Function>
2026-07-24 08:01:34,388 - INFO - [FF:FF:FF:10:FD:CD] Удалён с камеры: 2026-0724-140936_000001.JPG
2026-07-24 08:01:34,406 - INFO - [FF:FF:FF:10:FD:CD] Начало загрузки: 2026-0724-141449_000002.JPG
2026-07-24 08:01:37,950 - INFO - API cmd=4003: удаление -> http://192.168.1.254/?custom=1&cmd=4003&str=A:\DCIM\PHOTO\2026-0724-141449_000002.JPG
2026-07-24 08:01:37,989 - INFO - API cmd=4003: HTTP 200, ответ: <?xml version="1.0" encoding="UTF-8" ?>
<Function>
<Cmd>4003</Cmd>
<Status>0</Status>
</Function>
2026-07-24 08:01:37,989 - INFO - [FF:FF:FF:10:FD:CD] Удалён с камеры: 2026-0724-141449_000002.JPG
2026-07-24 08:01:38,003 - INFO - [FF:FF:FF:10:FD:CD] Начало загрузки: 2026-0724-141516_000003.JPG
2026-07-24 08:01:41,366 - INFO - API cmd=4003: удаление -> http://192.168.1.254/?custom=1&cmd=4003&str=A:\DCIM\PHOTO\2026-0724-141516_000003.JPG
2026-07-24 08:01:41,410 - INFO - API cmd=4003: HTTP 200, ответ: <?xml version="1.0" encoding="UTF-8" ?>
<Function>
<Cmd>4003</Cmd>
<Status>0</Status>
</Function>
2026-07-24 08:01:41,410 - INFO - [FF:FF:FF:10:FD:CD] Удалён с камеры: 2026-0724-141516_000003.JPG
2026-07-24 08:01:41,424 - INFO - [FF:FF:FF:10:FD:CD] Начало загрузки: 2026-0724-144406_000004.JPG
2026-07-24 08:01:43,276 - INFO - API cmd=4003: удаление -> http://192.168.1.254/?custom=1&cmd=4003&str=A:\DCIM\PHOTO\2026-0724-144406_000004.JPG
2026-07-24 08:01:43,319 - INFO - API cmd=4003: HTTP 200, ответ: <?xml version="1.0" encoding="UTF-8" ?>
<Function>
<Cmd>4003</Cmd>
<Status>0</Status>
</Function>
2026-07-24 08:01:43,320 - INFO - [FF:FF:FF:10:FD:CD] Удалён с камеры: 2026-0724-144406_000004.JPG
2026-07-24 08:01:43,338 - INFO - [FF:FF:FF:10:FD:CD] Начало загрузки: 2026-0724-144709_000005.JPG
2026-07-24 08:01:45,260 - INFO - API cmd=4003: удаление -> http://192.168.1.254/?custom=1&cmd=4003&str=A:\DCIM\PHOTO\2026-0724-144709_000005.JPG
2026-07-24 08:01:45,303 - INFO - API cmd=4003: HTTP 200, ответ: <?xml version="1.0" encoding="UTF-8" ?>
<Function>
<Cmd>4003</Cmd>
<Status>0</Status>
</Function>
2026-07-24 08:01:45,304 - INFO - [FF:FF:FF:10:FD:CD] Удалён с камеры: 2026-0724-144709_000005.JPG
2026-07-24 08:01:45,324 - INFO - [FF:FF:FF:10:FD:CD] Начало загрузки: 2026-0724-145014_000006.JPG
2026-07-24 08:01:47,182 - INFO - API cmd=4003: удаление -> http://192.168.1.254/?custom=1&cmd=4003&str=A:\DCIM\PHOTO\2026-0724-145014_000006.JPG
2026-07-24 08:01:47,223 - INFO - API cmd=4003: HTTP 200, ответ: <?xml version="1.0" encoding="UTF-8" ?>
<Function>
<Cmd>4003</Cmd>
<Status>0</Status>
</Function>
2026-07-24 08:01:47,223 - INFO - [FF:FF:FF:10:FD:CD] Удалён с камеры: 2026-0724-145014_000006.JPG
2026-07-24 08:01:47,244 - INFO - [FF:FF:FF:10:FD:CD] Начало загрузки: 2026-0724-145310_000007.JPG
2026-07-24 08:01:49,066 - INFO - API cmd=4003: удаление -> http://192.168.1.254/?custom=1&cmd=4003&str=A:\DCIM\PHOTO\2026-0724-145310_000007.JPG
2026-07-24 08:01:49,135 - INFO - API cmd=4003: HTTP 200, ответ: <?xml version="1.0" encoding="UTF-8" ?>
<Function>
<Cmd>4003</Cmd>
<Status>0</Status>
</Function>
2026-07-24 08:01:49,136 - INFO - [FF:FF:FF:10:FD:CD] Удалён с камеры: 2026-0724-145310_000007.JPG
2026-07-24 08:01:49,157 - INFO - [FF:FF:FF:10:FD:CD] Начало загрузки: 2026-0724-145538_000008.JPG
2026-07-24 08:01:51,943 - INFO - API cmd=4003: удаление -> http://192.168.1.254/?custom=1&cmd=4003&str=A:\DCIM\PHOTO\2026-0724-145538_000008.JPG
2026-07-24 08:01:52,092 - INFO - API cmd=4003: HTTP 200, ответ: <?xml version="1.0" encoding="UTF-8" ?>
<Function>
<Cmd>4003</Cmd>
<Status>0</Status>
</Function>
2026-07-24 08:01:52,092 - INFO - [FF:FF:FF:10:FD:CD] Удалён с камеры: 2026-0724-145538_000008.JPG
2026-07-24 08:01:52,115 - INFO - [FF:FF:FF:10:FD:CD] Начало загрузки: 2026-0724-145728_000009.JPG
2026-07-24 08:01:56,694 - INFO - API cmd=4003: удаление -> http://192.168.1.254/?custom=1&cmd=4003&str=A:\DCIM\PHOTO\2026-0724-145728_000009.JPG
2026-07-24 08:01:56,731 - INFO - API cmd=4003: HTTP 200, ответ: <?xml version="1.0" encoding="UTF-8" ?>
<Function>
<Cmd>4003</Cmd>
<Status>0</Status>
</Function>
2026-07-24 08:01:56,731 - INFO - [FF:FF:FF:10:FD:CD] Удалён с камеры: 2026-0724-145728_000009.JPG
2026-07-24 08:01:56,745 - INFO - [FF:FF:FF:10:FD:CD] Итого: скачано=9, пропущено=0, ошибок=0
2026-07-24 08:01:56,750 - INFO - [FF:FF:FF:10:FD:CD] Сжатие изображений в /scanner/downloads/2/20260724
2026-07-24 08:01:56,752 - INFO - Найдено 9 JPG файлов для сжатия
2026-07-24 08:01:56,752 - INFO - Качество сжатия: -q:v 12
2026-07-24 08:01:56,752 - INFO - Сжатие: 2_2026-0724-140936_000001.JPG -> 2_2026-0724-140936_000001_cmp_12.JPG
2026-07-24 08:01:57,188 - INFO - OK: 2_2026-0724-140936_000001.JPG (5603884 байт) -> 2_2026-0724-140936_000001_cmp_12.JPG (570804 байт, -89.8%)
2026-07-24 08:01:57,188 - INFO - Сжатие: 2_2026-0724-141449_000002.JPG -> 2_2026-0724-141449_000002_cmp_12.JPG
2026-07-24 08:01:57,677 - INFO - OK: 2_2026-0724-141449_000002.JPG (5592706 байт) -> 2_2026-0724-141449_000002_cmp_12.JPG (571848 байт, -89.8%)
2026-07-24 08:01:57,678 - INFO - Сжатие: 2_2026-0724-141516_000003.JPG -> 2_2026-0724-141516_000003_cmp_12.JPG
2026-07-24 08:01:58,139 - INFO - OK: 2_2026-0724-141516_000003.JPG (5563707 байт) -> 2_2026-0724-141516_000003_cmp_12.JPG (564491 байт, -89.9%)
2026-07-24 08:01:58,139 - INFO - Сжатие: 2_2026-0724-144406_000004.JPG -> 2_2026-0724-144406_000004_cmp_12.JPG
2026-07-24 08:01:58,602 - INFO - OK: 2_2026-0724-144406_000004.JPG (5977246 байт) -> 2_2026-0724-144406_000004_cmp_12.JPG (648074 байт, -89.2%)
2026-07-24 08:01:58,603 - INFO - Сжатие: 2_2026-0724-144709_000005.JPG -> 2_2026-0724-144709_000005_cmp_12.JPG
2026-07-24 08:01:59,082 - INFO - OK: 2_2026-0724-144709_000005.JPG (6434796 байт) -> 2_2026-0724-144709_000005_cmp_12.JPG (773429 байт, -88.0%)
2026-07-24 08:01:59,082 - INFO - Сжатие: 2_2026-0724-145014_000006.JPG -> 2_2026-0724-145014_000006_cmp_12.JPG
2026-07-24 08:01:59,549 - INFO - OK: 2_2026-0724-145014_000006.JPG (6326065 байт) -> 2_2026-0724-145014_000006_cmp_12.JPG (750961 байт, -88.1%)
2026-07-24 08:01:59,550 - INFO - Сжатие: 2_2026-0724-145310_000007.JPG -> 2_2026-0724-145310_000007_cmp_12.JPG
2026-07-24 08:02:00,025 - INFO - OK: 2_2026-0724-145310_000007.JPG (6316948 байт) -> 2_2026-0724-145310_000007_cmp_12.JPG (748632 байт, -88.1%)
2026-07-24 08:02:00,025 - INFO - Сжатие: 2_2026-0724-145538_000008.JPG -> 2_2026-0724-145538_000008_cmp_12.JPG
2026-07-24 08:02:00,493 - INFO - OK: 2_2026-0724-145538_000008.JPG (5722622 байт) -> 2_2026-0724-145538_000008_cmp_12.JPG (569656 байт, -90.0%)
2026-07-24 08:02:00,493 - INFO - Сжатие: 2_2026-0724-145728_000009.JPG -> 2_2026-0724-145728_000009_cmp_12.JPG
2026-07-24 08:02:00,946 - INFO - OK: 2_2026-0724-145728_000009.JPG (5677013 байт) -> 2_2026-0724-145728_000009_cmp_12.JPG (571656 байт, -89.9%)
2026-07-24 08:02:00,947 - INFO - [FF:FF:FF:10:FD:CD] Сжатие: сжато=9, ошибок=0
2026-07-24 08:02:00,947 - INFO - [FF:FF:FF:10:FD:CD] Завершено. Закрываю Wi-Fi...
2026-07-24 08:02:00,947 - INFO - BLE: Поиск устройства FF:FF:FF:10:FD:CD...
2026-07-24 08:02:01,161 - INFO - BLE: Устройство FF:FF:FF:10:FD:CD найдено (GCBT40). Отправка 'close'...
2026-07-24 08:02:03,365 - INFO - BLE: Команда 'close' успешно отправлена на FF:FF:FF:10:FD:CD
2026-07-24 08:02:07,978 - INFO - Wi-Fi: Отключение от 'CAM_d713'...
2026-07-24 08:02:08,760 - INFO - [FF:FF:FF:10:FD:CD] BLE open: 1/8, Wi-Fi connect: 1, Wi-Fi reconnect: 0/9
2026-07-24 08:02:08,784 - INFO - [FF:FF:FF:10:FD:CD] SnapshotLog #38 обновлён (EndTime=2026-07-24 08:02:08.760336, duration=0:01:21.907148)
2026-07-24 08:02:08,784 - INFO - 
==================================================
2026-07-24 08:02:08,786 - INFO - ЗАВЕРШЕНО: 2/2 камер обработано
2026-07-24 08:02:08,786 - INFO - ==================================================
2026-07-24 08:02:08,788 - INFO - Ресурсы освобождены
