2026-07-28 08:40:55,647 - INFO - Лог-файл: logs/download_log_20260728.log
2026-07-28 08:40:55,674 - INFO - Wi-Fi интерфейс: wlo1
2026-07-28 08:40:55,823 - INFO - База данных инициализирована
2026-07-28 08:40:55,845 - INFO - Проверка камер: в БД с SSID=2, ожидается=2
2026-07-28 08:40:55,845 - INFO -   OK: GCBT40 | FF:FF:FF:10:84:11 | SSID: CAM_80f2
2026-07-28 08:40:55,845 - INFO -   OK: GCBT40 | FF:FF:FF:10:FD:CD | SSID: CAM_d713
2026-07-28 08:40:55,850 - INFO - 
Активные камеры в БД:
2026-07-28 08:40:55,850 - INFO -   GCBT40 | FF:FF:FF:10:84:11 | SSID: CAM_80f2
2026-07-28 08:40:55,850 - INFO -   GCBT40 | FF:FF:FF:10:FD:CD | SSID: CAM_d713
2026-07-28 08:40:55,850 - INFO - chmod 777 /scanner/downloads
2026-07-28 08:40:55,850 - INFO - 
==================================================
2026-07-28 08:40:55,850 - INFO - ФАЗА 3: Скачивание файлов
2026-07-28 08:40:55,850 - INFO - ==================================================
2026-07-28 08:40:56,100 - INFO - [FF:FF:FF:10:84:11] SnapshotLog #149 создан (StartTime=2026-07-28 08:40:55.850958)
2026-07-28 08:40:56,100 - INFO - 
=== КАМЕРА 1/2: GCBT40 (FF:FF:FF:10:84:11) ===
2026-07-28 08:40:56,100 - INFO - BLE: Поиск устройства FF:FF:FF:10:84:11...
2026-07-28 08:40:56,280 - INFO - BLE: Устройство FF:FF:FF:10:84:11 найдено (GCBT40). Отправка 'open'...
2026-07-28 08:40:57,998 - INFO - BLE: Команда 'open' успешно отправлена на FF:FF:FF:10:84:11
2026-07-28 08:41:00,130 - INFO - Ожидание Wi-Fi (25 сек)...
2026-07-28 08:41:25,153 - INFO - Wi-Fi: Подключение к CAM_80f2...
2026-07-28 08:41:27,438 - INFO - Wi-Fi: Профиль 'CAM_80f2' создан
2026-07-28 08:41:27,438 - INFO - Wi-Fi: Подключение к CAM_80f2 (таймаут 35 сек, попытка 1/5)...
2026-07-28 08:41:38,672 - INFO - Wi-Fi: Подключено к CAM_80f2 (попытка 1)
2026-07-28 08:41:38,706 - INFO - HEALTH: камера доступна
2026-07-28 08:41:38,740 - INFO - HEALTH: камера доступна
2026-07-28 08:41:38,740 - INFO - API cmd=3015: запрос списка файлов -> http://192.168.1.254/?custom=1&cmd=3015
2026-07-28 08:41:38,775 - INFO - API cmd=3015: HTTP 200, 1693 байт
2026-07-28 08:41:38,775 - INFO - API cmd=3015 ответ:
<?xml version="1.0" encoding="UTF-8" ?>
<LIST>
<ALLFile><File>
<NAME>2026-0728-082826_000001.JPG</NAME>
<FPATH>A:\DCIM\PHOTO\2026-0728-082826_000001.JPG</FPATH>
<SIZE>5476580</SIZE>
<TIMECODE>1560036237</TIMECODE>
<TIME>2026/07/28 08:28:26</TIME>
<ATTR>32</ATTR></File>
</ALLFile>
<ALLFile><File>
<NAME>2026-0728-083048_000002.JPG</NAME>
<FPATH>A:\DCIM\PHOTO\2026-0728-083048_000002.JPG</FPATH>
<SIZE>5737711</SIZE>
<TIMECODE>1560036312</TIMECODE>
<TIME>2026/07/28 08:30:48</TIME>
<ATTR>32</ATTR></File>
</ALLFile>
<ALLFile><File>
<NAME>2026-0728-083213_000003.JPG</NAME>
<FPATH>A:\DCIM\PHOTO\2026-0728-083213_000003.JPG</FPATH>
<SIZE>5663064</SIZE>
<TIMECODE>1560036358</TIMECODE>
<TIME>2026/07/28 08:32:12</TIME>
<ATTR>32</ATTR></File>
</ALLFile>
<ALLFile><File>
<NAME>2026-0728-083253_000004.JPG</NAME>
<FPATH>A:\DCIM\PHOTO\2026-0728-083253_000004.JPG</FPATH>
<SIZE>5594988</SIZE>
<TIMECODE>1560036379</TIMECODE>
<TIME>2026/07/28 08:32:54</TIME>
<ATTR>32</ATTR></File>
</ALLFile>
<ALLFile><File>
<NAME>2026-0728-083352_000005.JPG</NAME>
<FPATH>A:\DCIM\PHOTO\2026-0728-083352_000005.JPG</FPATH>
<SIZE>5564062</SIZE>
<TIMECODE>1560036410</TIMECODE>
<TIME>2026/07/28 08:33:52</TIME>
<ATTR>32</ATTR></File>
</ALLFile>
<ALLFile><File>
<NAME>2026-0728-083402_000006.JPG</NAME>
<FPATH>A:\DCIM\PHOTO\2026-0728-083402_000006.JPG</FPATH>
<SIZE>5673643</SIZE>
<TIMECODE>1560036417</TIMECODE>
<TIME>2026/07/28 08:34:02</TIME>
<ATTR>32</ATTR></File>
</ALLFile>
<ALLFile><File>
<NAME>2026-0728-083845_000007.JPG</NAME>
<FPATH>A:\DCIM\PHOTO\2026-0728-083845_000007.JPG</FPATH>
<SIZE>6071743</SIZE>
<TIMECODE>1560036566</TIMECODE>
<TIME>2026/07/28 08:38:44</TIME>
<ATTR>32</ATTR></File>
</ALLFile>
</LIST>

2026-07-28 08:41:38,776 - INFO - [FF:FF:FF:10:84:11] Файлов на камере: 7
2026-07-28 08:41:38,896 - INFO - [FF:FF:FF:10:84:11] Добавлено 7 файлов в БД
2026-07-28 08:41:38,905 - INFO - [FF:FF:FF:10:84:11] Начало загрузки: 2026-0728-082826_000001.JPG
2026-07-28 08:41:41,626 - INFO - API cmd=4003: удаление -> http://192.168.1.254/?custom=1&cmd=4003&str=A:\DCIM\PHOTO\2026-0728-082826_000001.JPG
2026-07-28 08:41:41,716 - INFO - API cmd=4003: HTTP 200, ответ: <?xml version="1.0" encoding="UTF-8" ?>
<Function>
<Cmd>4003</Cmd>
<Status>0</Status>
</Function>
2026-07-28 08:41:41,716 - INFO - [FF:FF:FF:10:84:11] Удалён с камеры: 2026-0728-082826_000001.JPG
2026-07-28 08:41:41,734 - INFO - [FF:FF:FF:10:84:11] Начало загрузки: 2026-0728-083048_000002.JPG
2026-07-28 08:41:43,410 - INFO - API cmd=4003: удаление -> http://192.168.1.254/?custom=1&cmd=4003&str=A:\DCIM\PHOTO\2026-0728-083048_000002.JPG
2026-07-28 08:41:43,518 - INFO - API cmd=4003: HTTP 200, ответ: <?xml version="1.0" encoding="UTF-8" ?>
<Function>
<Cmd>4003</Cmd>
<Status>0</Status>
</Function>
2026-07-28 08:41:43,518 - INFO - [FF:FF:FF:10:84:11] Удалён с камеры: 2026-0728-083048_000002.JPG
2026-07-28 08:41:43,540 - INFO - [FF:FF:FF:10:84:11] Начало загрузки: 2026-0728-083213_000003.JPG
2026-07-28 08:41:45,006 - INFO - API cmd=4003: удаление -> http://192.168.1.254/?custom=1&cmd=4003&str=A:\DCIM\PHOTO\2026-0728-083213_000003.JPG
2026-07-28 08:41:45,096 - INFO - API cmd=4003: HTTP 200, ответ: <?xml version="1.0" encoding="UTF-8" ?>
<Function>
<Cmd>4003</Cmd>
<Status>0</Status>
</Function>
2026-07-28 08:41:45,096 - INFO - [FF:FF:FF:10:84:11] Удалён с камеры: 2026-0728-083213_000003.JPG
2026-07-28 08:41:45,116 - INFO - [FF:FF:FF:10:84:11] Начало загрузки: 2026-0728-083253_000004.JPG
2026-07-28 08:41:46,582 - INFO - API cmd=4003: удаление -> http://192.168.1.254/?custom=1&cmd=4003&str=A:\DCIM\PHOTO\2026-0728-083253_000004.JPG
2026-07-28 08:41:46,692 - INFO - API cmd=4003: HTTP 200, ответ: <?xml version="1.0" encoding="UTF-8" ?>
<Function>
<Cmd>4003</Cmd>
<Status>0</Status>
</Function>
2026-07-28 08:41:46,692 - INFO - [FF:FF:FF:10:84:11] Удалён с камеры: 2026-0728-083253_000004.JPG
2026-07-28 08:41:46,711 - INFO - [FF:FF:FF:10:84:11] Начало загрузки: 2026-0728-083352_000005.JPG
2026-07-28 08:41:50,073 - INFO - API cmd=4003: удаление -> http://192.168.1.254/?custom=1&cmd=4003&str=A:\DCIM\PHOTO\2026-0728-083352_000005.JPG
2026-07-28 08:41:50,142 - INFO - API cmd=4003: HTTP 200, ответ: <?xml version="1.0" encoding="UTF-8" ?>
<Function>
<Cmd>4003</Cmd>
<Status>0</Status>
</Function>
2026-07-28 08:41:50,142 - INFO - [FF:FF:FF:10:84:11] Удалён с камеры: 2026-0728-083352_000005.JPG
2026-07-28 08:41:50,158 - INFO - [FF:FF:FF:10:84:11] Начало загрузки: 2026-0728-083402_000006.JPG
2026-07-28 08:41:53,683 - INFO - API cmd=4003: удаление -> http://192.168.1.254/?custom=1&cmd=4003&str=A:\DCIM\PHOTO\2026-0728-083402_000006.JPG
2026-07-28 08:41:53,927 - INFO - API cmd=4003: HTTP 200, ответ: <?xml version="1.0" encoding="UTF-8" ?>
<Function>
<Cmd>4003</Cmd>
<Status>0</Status>
</Function>
2026-07-28 08:41:53,928 - INFO - [FF:FF:FF:10:84:11] Удалён с камеры: 2026-0728-083402_000006.JPG
2026-07-28 08:41:53,947 - INFO - [FF:FF:FF:10:84:11] Начало загрузки: 2026-0728-083845_000007.JPG
2026-07-28 08:41:55,489 - INFO - API cmd=4003: удаление -> http://192.168.1.254/?custom=1&cmd=4003&str=A:\DCIM\PHOTO\2026-0728-083845_000007.JPG
2026-07-28 08:41:55,553 - INFO - API cmd=4003: HTTP 200, ответ: <?xml version="1.0" encoding="UTF-8" ?>
<Function>
<Cmd>4003</Cmd>
<Status>0</Status>
</Function>
2026-07-28 08:41:55,553 - INFO - [FF:FF:FF:10:84:11] Удалён с камеры: 2026-0728-083845_000007.JPG
2026-07-28 08:41:55,569 - INFO - [FF:FF:FF:10:84:11] Итого: скачано=7, пропущено=0, ошибок=0
2026-07-28 08:41:55,573 - INFO - [FF:FF:FF:10:84:11] Сжатие изображений в /scanner/downloads/1/20260728
2026-07-28 08:41:55,574 - INFO - Найдено 7 JPG файлов для сжатия
2026-07-28 08:41:55,574 - INFO - Качество сжатия: -q:v 12
2026-07-28 08:41:55,575 - INFO - Сжатие: 1_2026-0728-082826_000001.JPG -> 1_2026-0728-082826_000001_cmp_12.JPG
2026-07-28 08:41:56,035 - INFO - OK: 1_2026-0728-082826_000001.JPG (5476580 байт) -> 1_2026-0728-082826_000001_cmp_12.JPG (511229 байт, -90.7%)
2026-07-28 08:41:56,035 - INFO - Сжатие: 1_2026-0728-083048_000002.JPG -> 1_2026-0728-083048_000002_cmp_12.JPG
2026-07-28 08:41:56,502 - INFO - OK: 1_2026-0728-083048_000002.JPG (5737711 байт) -> 1_2026-0728-083048_000002_cmp_12.JPG (544825 байт, -90.5%)
2026-07-28 08:41:56,502 - INFO - Сжатие: 1_2026-0728-083213_000003.JPG -> 1_2026-0728-083213_000003_cmp_12.JPG
2026-07-28 08:41:56,951 - INFO - OK: 1_2026-0728-083213_000003.JPG (5663064 байт) -> 1_2026-0728-083213_000003_cmp_12.JPG (521838 байт, -90.8%)
2026-07-28 08:41:56,952 - INFO - Сжатие: 1_2026-0728-083253_000004.JPG -> 1_2026-0728-083253_000004_cmp_12.JPG
2026-07-28 08:41:57,405 - INFO - OK: 1_2026-0728-083253_000004.JPG (5594988 байт) -> 1_2026-0728-083253_000004_cmp_12.JPG (515366 байт, -90.8%)
2026-07-28 08:41:57,406 - INFO - Сжатие: 1_2026-0728-083352_000005.JPG -> 1_2026-0728-083352_000005_cmp_12.JPG
2026-07-28 08:41:57,862 - INFO - OK: 1_2026-0728-083352_000005.JPG (5564062 байт) -> 1_2026-0728-083352_000005_cmp_12.JPG (518009 байт, -90.7%)
2026-07-28 08:41:57,862 - INFO - Сжатие: 1_2026-0728-083402_000006.JPG -> 1_2026-0728-083402_000006_cmp_12.JPG
2026-07-28 08:41:58,319 - INFO - OK: 1_2026-0728-083402_000006.JPG (5673643 байт) -> 1_2026-0728-083402_000006_cmp_12.JPG (522562 байт, -90.8%)
2026-07-28 08:41:58,319 - INFO - Сжатие: 1_2026-0728-083845_000007.JPG -> 1_2026-0728-083845_000007_cmp_12.JPG
2026-07-28 08:41:58,792 - INFO - OK: 1_2026-0728-083845_000007.JPG (6071743 байт) -> 1_2026-0728-083845_000007_cmp_12.JPG (585707 байт, -90.4%)
2026-07-28 08:41:58,792 - INFO - [FF:FF:FF:10:84:11] Сжатие: сжато=7, ошибок=0
2026-07-28 08:41:58,792 - INFO - [FF:FF:FF:10:84:11] Завершено. Закрываю Wi-Fi...
2026-07-28 08:41:58,792 - INFO - BLE: Поиск устройства FF:FF:FF:10:84:11...
2026-07-28 08:41:58,993 - INFO - BLE: Устройство FF:FF:FF:10:84:11 найдено (GCBT40). Отправка 'close'...
2026-07-28 08:42:00,386 - INFO - BLE: Команда 'close' успешно отправлена на FF:FF:FF:10:84:11
2026-07-28 08:42:05,042 - INFO - Wi-Fi: Отключение от 'CAM_80f2'...
2026-07-28 08:42:06,324 - INFO - [FF:FF:FF:10:84:11] BLE open: 1/8, Wi-Fi connect: 1, Wi-Fi reconnect: 0/9
2026-07-28 08:42:06,347 - INFO - [FF:FF:FF:10:84:11] SnapshotLog #149 обновлён (EndTime=2026-07-28 08:42:06.324602, duration=0:01:10.473644)
2026-07-28 08:42:06,349 - INFO - Пауза 20 сек...
2026-07-28 08:42:26,389 - INFO - [FF:FF:FF:10:FD:CD] SnapshotLog #150 создан (StartTime=2026-07-28 08:42:26.369630)
2026-07-28 08:42:26,389 - INFO - 
=== КАМЕРА 2/2: GCBT40 (FF:FF:FF:10:FD:CD) ===
2026-07-28 08:42:26,389 - INFO - BLE: Поиск устройства FF:FF:FF:10:FD:CD...
2026-07-28 08:42:26,676 - INFO - BLE: Устройство FF:FF:FF:10:FD:CD найдено (GCBT40). Отправка 'open'...
2026-07-28 08:42:28,378 - INFO - BLE: Команда 'open' успешно отправлена на FF:FF:FF:10:FD:CD
2026-07-28 08:42:31,118 - INFO - Ожидание Wi-Fi (25 сек)...
2026-07-28 08:42:56,142 - INFO - Wi-Fi: Подключение к CAM_d713...
2026-07-28 08:42:58,230 - INFO - Wi-Fi: Профиль 'CAM_d713' создан
2026-07-28 08:42:58,230 - INFO - Wi-Fi: Подключение к CAM_d713 (таймаут 35 сек, попытка 1/5)...
2026-07-28 08:43:09,902 - INFO - Wi-Fi: Подключено к CAM_d713 (попытка 1)
2026-07-28 08:43:09,926 - INFO - HEALTH: камера доступна
2026-07-28 08:43:09,952 - INFO - HEALTH: камера доступна
2026-07-28 08:43:09,953 - INFO - API cmd=3015: запрос списка файлов -> http://192.168.1.254/?custom=1&cmd=3015
2026-07-28 08:43:10,072 - INFO - API cmd=3015: HTTP 200, 757 байт
2026-07-28 08:43:10,072 - INFO - API cmd=3015 ответ:
<?xml version="1.0" encoding="UTF-8" ?>
<LIST>
<ALLFile><File>
<NAME>2026-0728-083334_000001.JPG</NAME>
<FPATH>A:\DCIM\PHOTO\2026-0728-083334_000001.JPG</FPATH>
<SIZE>5714481</SIZE>
<TIMECODE>1560036401</TIMECODE>
<TIME>2026/07/28 08:33:34</TIME>
<ATTR>32</ATTR></File>
</ALLFile>
<ALLFile><File>
<NAME>2026-0728-083343_000002.JPG</NAME>
<FPATH>A:\DCIM\PHOTO\2026-0728-083343_000002.JPG</FPATH>
<SIZE>5677331</SIZE>
<TIMECODE>1560036405</TIMECODE>
<TIME>2026/07/28 08:33:42</TIME>
<ATTR>32</ATTR></File>
</ALLFile>
<ALLFile><File>
<NAME>2026-0728-083938_000003.JPG</NAME>
<FPATH>A:\DCIM\PHOTO\2026-0728-083938_000003.JPG</FPATH>
<SIZE>6341486</SIZE>
<TIMECODE>1560036595</TIMECODE>
<TIME>2026/07/28 08:39:38</TIME>
<ATTR>32</ATTR></File>
</ALLFile>
</LIST>

2026-07-28 08:43:10,073 - INFO - [FF:FF:FF:10:FD:CD] Файлов на камере: 3
2026-07-28 08:43:10,095 - INFO - [FF:FF:FF:10:FD:CD] Добавлено 3 файлов в БД
2026-07-28 08:43:10,099 - INFO - [FF:FF:FF:10:FD:CD] Начало загрузки: 2026-0728-083334_000001.JPG
2026-07-28 08:43:12,195 - INFO - API cmd=4003: удаление -> http://192.168.1.254/?custom=1&cmd=4003&str=A:\DCIM\PHOTO\2026-0728-083334_000001.JPG
2026-07-28 08:43:12,234 - INFO - API cmd=4003: HTTP 200, ответ: <?xml version="1.0" encoding="UTF-8" ?>
<Function>
<Cmd>4003</Cmd>
<Status>0</Status>
</Function>
2026-07-28 08:43:12,235 - INFO - [FF:FF:FF:10:FD:CD] Удалён с камеры: 2026-0728-083334_000001.JPG
2026-07-28 08:43:12,255 - INFO - [FF:FF:FF:10:FD:CD] Начало загрузки: 2026-0728-083343_000002.JPG
2026-07-28 08:43:13,670 - INFO - API cmd=4003: удаление -> http://192.168.1.254/?custom=1&cmd=4003&str=A:\DCIM\PHOTO\2026-0728-083343_000002.JPG
2026-07-28 08:43:13,707 - INFO - API cmd=4003: HTTP 200, ответ: <?xml version="1.0" encoding="UTF-8" ?>
<Function>
<Cmd>4003</Cmd>
<Status>0</Status>
</Function>
2026-07-28 08:43:13,708 - INFO - [FF:FF:FF:10:FD:CD] Удалён с камеры: 2026-0728-083343_000002.JPG
2026-07-28 08:43:13,724 - INFO - [FF:FF:FF:10:FD:CD] Начало загрузки: 2026-0728-083938_000003.JPG
2026-07-28 08:43:15,364 - INFO - API cmd=4003: удаление -> http://192.168.1.254/?custom=1&cmd=4003&str=A:\DCIM\PHOTO\2026-0728-083938_000003.JPG
2026-07-28 08:43:15,402 - INFO - API cmd=4003: HTTP 200, ответ: <?xml version="1.0" encoding="UTF-8" ?>
<Function>
<Cmd>4003</Cmd>
<Status>0</Status>
</Function>
2026-07-28 08:43:15,402 - INFO - [FF:FF:FF:10:FD:CD] Удалён с камеры: 2026-0728-083938_000003.JPG
2026-07-28 08:43:15,423 - INFO - [FF:FF:FF:10:FD:CD] Итого: скачано=3, пропущено=0, ошибок=0
2026-07-28 08:43:15,429 - INFO - [FF:FF:FF:10:FD:CD] Сжатие изображений в /scanner/downloads/2/20260728
2026-07-28 08:43:15,430 - INFO - Найдено 3 JPG файлов для сжатия
2026-07-28 08:43:15,430 - INFO - Качество сжатия: -q:v 12
2026-07-28 08:43:15,430 - INFO - Сжатие: 2_2026-0728-083334_000001.JPG -> 2_2026-0728-083334_000001_cmp_12.JPG
2026-07-28 08:43:15,889 - INFO - OK: 2_2026-0728-083334_000001.JPG (5714481 байт) -> 2_2026-0728-083334_000001_cmp_12.JPG (568399 байт, -90.1%)
2026-07-28 08:43:15,889 - INFO - Сжатие: 2_2026-0728-083343_000002.JPG -> 2_2026-0728-083343_000002_cmp_12.JPG
2026-07-28 08:43:16,360 - INFO - OK: 2_2026-0728-083343_000002.JPG (5677331 байт) -> 2_2026-0728-083343_000002_cmp_12.JPG (559778 байт, -90.1%)
2026-07-28 08:43:16,361 - INFO - Сжатие: 2_2026-0728-083938_000003.JPG -> 2_2026-0728-083938_000003_cmp_12.JPG
2026-07-28 08:43:16,825 - INFO - OK: 2_2026-0728-083938_000003.JPG (6341486 байт) -> 2_2026-0728-083938_000003_cmp_12.JPG (692836 байт, -89.1%)
2026-07-28 08:43:16,826 - INFO - [FF:FF:FF:10:FD:CD] Сжатие: сжато=3, ошибок=0
2026-07-28 08:43:16,826 - INFO - [FF:FF:FF:10:FD:CD] Завершено. Закрываю Wi-Fi...
2026-07-28 08:43:16,826 - INFO - BLE: Поиск устройства FF:FF:FF:10:FD:CD...
2026-07-28 08:43:16,981 - INFO - BLE: Устройство FF:FF:FF:10:FD:CD найдено (GCBT40). Отправка 'close'...
2026-07-28 08:43:18,302 - INFO - BLE: Команда 'close' успешно отправлена на FF:FF:FF:10:FD:CD
2026-07-28 08:43:22,184 - INFO - Wi-Fi: Отключение от 'CAM_d713'...
2026-07-28 08:43:23,228 - INFO - [FF:FF:FF:10:FD:CD] BLE open: 1/8, Wi-Fi connect: 1, Wi-Fi reconnect: 0/9
2026-07-28 08:43:23,243 - INFO - [FF:FF:FF:10:FD:CD] SnapshotLog #150 обновлён (EndTime=2026-07-28 08:43:23.229091, duration=0:00:56.859461)
2026-07-28 08:43:23,244 - INFO - 
==================================================
2026-07-28 08:43:23,245 - INFO - ЗАВЕРШЕНО: 2/2 камер обработано
2026-07-28 08:43:23,245 - INFO - ==================================================
2026-07-28 08:43:23,249 - INFO - Ресурсы освобождены
