2026-07-24 07:42:10,185 - INFO - Лог-файл: logs/take_photo_log_2026-07-24.log
2026-07-24 07:42:10,211 - INFO - Wi-Fi интерфейс: wlo1
2026-07-24 07:42:10,379 - INFO - База данных инициализирована
2026-07-24 07:42:10,397 - INFO - Проверка камер: в БД с SSID=2, ожидается=2
2026-07-24 07:42:10,397 - INFO -   OK: GCBT40 | FF:FF:FF:10:84:11 | SSID: CAM_80f2
2026-07-24 07:42:10,397 - INFO -   OK: GCBT40 | FF:FF:FF:10:FD:CD | SSID: CAM_d713
2026-07-24 07:42:10,397 - INFO - 
Интервал снимков: 3 мин
2026-07-24 07:42:10,397 - INFO - ==================================================
2026-07-24 07:42:10,397 - INFO - 
==================================================
2026-07-24 07:42:10,397 - INFO - ЦИКЛ #1 | 2026-07-24 07:42:10
2026-07-24 07:42:10,397 - INFO - ==================================================
2026-07-24 07:42:10,716 - INFO - BLE: Поиск FF:FF:FF:10:84:11...
2026-07-24 07:42:12,769 - INFO - BLE: 'open' → FF:FF:FF:10:84:11
2026-07-24 07:42:40,075 - INFO - Wi-Fi: Подключение к CAM_80f2...
2026-07-24 07:42:51,632 - INFO - Wi-Fi: Подключено к CAM_80f2 (попытка 1)
2026-07-24 07:42:51,730 - INFO - HEALTH: камера доступна
2026-07-24 07:42:51,740 - INFO - API cmd=3036: ответ: <?xml version="1.0" encoding="UTF-8" ?>
<Function>
<Cmd>3036</Cmd>
<Status>0</Status>
</Function>
2026-07-24 07:42:51,749 - INFO - API cmd=2024: ответ: <?xml version="1.0" encoding="UTF-8" ?>
<Function>
<Cmd>2024</Cmd>
<Status>0</Status>
<Value>1</Value>
</Function>
2026-07-24 07:42:51,750 - INFO - Переключение в режим фото (cmd=3001&par=0)
2026-07-24 07:42:52,226 - INFO - API cmd=3001: ответ: <?xml version="1.0" encoding="UTF-8" ?>
<Function>
<Cmd>3001</Cmd>
<Status>0</Status>
</Function>
2026-07-24 07:42:52,227 - INFO - Создание снимка (cmd=1001, таймаут 10 сек)...
2026-07-24 07:42:54,404 - INFO - API cmd=1001: ответ: <?xml version="1.0" encoding="UTF-8" ?>
<Function>
<Cmd>1001</Cmd>
<Status>0</Status>
<File>
<NAME>2026-0724-144310_000021.JPG</NAME>
<FPATH>A:\DCIM\PHOTO\2026-0724-144310_000021.JPG</FPATH></File>
<FREEPICNUM>4890</FREEPICNUM>
</Function>

2026-07-24 07:42:54,404 - INFO - Снимок выполнен (Status=0, File=2026-0724-144310_000021.JPG)
2026-07-24 07:42:54,405 - INFO - Возврат в режим фото (cmd=3001&par=0)
2026-07-24 07:42:54,424 - INFO - API cmd=3001: ответ: <?xml version="1.0" encoding="UTF-8" ?>
<Function>
<Cmd>3001</Cmd>
<Status>0</Status>
</Function>
2026-07-24 07:42:54,425 - INFO - BLE: Поиск FF:FF:FF:10:84:11...
2026-07-24 07:42:56,037 - INFO - BLE: 'close' → FF:FF:FF:10:84:11
2026-07-24 07:43:00,125 - INFO - Wi-Fi: Отключение от 'CAM_80f2'...
2026-07-24 07:43:01,458 - INFO - [FF:FF:FF:10:84:11] BLE open: 1/8, Wi-Fi connect: 1 | OK
2026-07-24 07:43:21,495 - INFO - BLE: Поиск FF:FF:FF:10:FD:CD...
2026-07-24 07:43:23,621 - INFO - BLE: 'open' → FF:FF:FF:10:FD:CD
2026-07-24 07:43:51,071 - INFO - Wi-Fi: Подключение к CAM_d713...
2026-07-24 07:44:02,882 - INFO - Wi-Fi: Подключено к CAM_d713 (попытка 1)
2026-07-24 07:44:02,905 - INFO - HEALTH: камера доступна
2026-07-24 07:44:02,941 - INFO - API cmd=3036: ответ: <?xml version="1.0" encoding="UTF-8" ?>
<Function>
<Cmd>3036</Cmd>
<Status>0</Status>
</Function>
2026-07-24 07:44:02,950 - INFO - API cmd=2024: ответ: <?xml version="1.0" encoding="UTF-8" ?>
<Function>
<Cmd>2024</Cmd>
<Status>0</Status>
<Value>1</Value>
</Function>
2026-07-24 07:44:02,950 - INFO - Переключение в режим фото (cmd=3001&par=0)
2026-07-24 07:44:03,409 - INFO - API cmd=3001: ответ: <?xml version="1.0" encoding="UTF-8" ?>
<Function>
<Cmd>3001</Cmd>
<Status>0</Status>
</Function>
2026-07-24 07:44:03,409 - INFO - Создание снимка (cmd=1001, таймаут 10 сек)...
2026-07-24 07:44:04,945 - INFO - API cmd=1001: ответ: <?xml version="1.0" encoding="UTF-8" ?>
<Function>
<Cmd>1001</Cmd>
<Status>0</Status>
<File>
<NAME>2026-0724-144406_000004.JPG</NAME>
<FPATH>A:\DCIM\PHOTO\2026-0724-144406_000004.JPG</FPATH></File>
<FREEPICNUM>4768</FREEPICNUM>
</Function>

2026-07-24 07:44:04,945 - INFO - Снимок выполнен (Status=0, File=2026-0724-144406_000004.JPG)
2026-07-24 07:44:04,946 - INFO - Возврат в режим фото (cmd=3001&par=0)
2026-07-24 07:44:04,962 - INFO - API cmd=3001: ответ: <?xml version="1.0" encoding="UTF-8" ?>
<Function>
<Cmd>3001</Cmd>
<Status>0</Status>
</Function>
2026-07-24 07:44:04,962 - INFO - BLE: Поиск FF:FF:FF:10:FD:CD...
2026-07-24 07:44:06,754 - INFO - BLE: 'close' → FF:FF:FF:10:FD:CD
2026-07-24 07:44:11,128 - INFO - Wi-Fi: Отключение от 'CAM_d713'...
2026-07-24 07:44:12,029 - INFO - [FF:FF:FF:10:FD:CD] BLE open: 1/8, Wi-Fi connect: 1 | OK
2026-07-24 07:44:12,029 - INFO - 
Цикл #1 завершён за 122 сек. Следующий через 58 сек (1.0 мин)
2026-07-24 07:45:10,428 - INFO - 
==================================================
2026-07-24 07:45:10,429 - INFO - ЦИКЛ #2 | 2026-07-24 07:45:10
2026-07-24 07:45:10,429 - INFO - ==================================================
2026-07-24 07:45:10,682 - INFO - BLE: Поиск FF:FF:FF:10:84:11...
2026-07-24 07:45:12,569 - INFO - BLE: 'open' → FF:FF:FF:10:84:11
2026-07-24 07:45:40,081 - INFO - Wi-Fi: Подключение к CAM_80f2...
2026-07-24 07:45:52,295 - INFO - Wi-Fi: Подключено к CAM_80f2 (попытка 1)
2026-07-24 07:45:52,394 - INFO - HEALTH: камера доступна
2026-07-24 07:45:52,404 - INFO - API cmd=3036: ответ: <?xml version="1.0" encoding="UTF-8" ?>
<Function>
<Cmd>3036</Cmd>
<Status>0</Status>
</Function>
2026-07-24 07:45:52,413 - INFO - API cmd=2024: ответ: <?xml version="1.0" encoding="UTF-8" ?>
<Function>
<Cmd>2024</Cmd>
<Status>0</Status>
<Value>1</Value>
</Function>
2026-07-24 07:45:52,413 - INFO - Переключение в режим фото (cmd=3001&par=0)
2026-07-24 07:45:52,916 - INFO - API cmd=3001: ответ: <?xml version="1.0" encoding="UTF-8" ?>
<Function>
<Cmd>3001</Cmd>
<Status>0</Status>
</Function>
2026-07-24 07:45:52,917 - INFO - Создание снимка (cmd=1001, таймаут 10 сек)...
2026-07-24 07:45:55,208 - INFO - API cmd=1001: ответ: <?xml version="1.0" encoding="UTF-8" ?>
<Function>
<Cmd>1001</Cmd>
<Status>0</Status>
<File>
<NAME>2026-0724-144611_000022.JPG</NAME>
<FPATH>A:\DCIM\PHOTO\2026-0724-144611_000022.JPG</FPATH></File>
<FREEPICNUM>4889</FREEPICNUM>
</Function>

2026-07-24 07:45:55,208 - INFO - Снимок выполнен (Status=0, File=2026-0724-144611_000022.JPG)
2026-07-24 07:45:55,209 - INFO - Возврат в режим фото (cmd=3001&par=0)
2026-07-24 07:45:55,222 - INFO - API cmd=3001: ответ: <?xml version="1.0" encoding="UTF-8" ?>
<Function>
<Cmd>3001</Cmd>
<Status>0</Status>
</Function>
2026-07-24 07:45:55,223 - INFO - BLE: Поиск FF:FF:FF:10:84:11...
2026-07-24 07:45:56,850 - INFO - BLE: 'close' → FF:FF:FF:10:84:11
2026-07-24 07:46:01,118 - INFO - Wi-Fi: Отключение от 'CAM_80f2'...
2026-07-24 07:46:03,982 - INFO - [FF:FF:FF:10:84:11] BLE open: 1/8, Wi-Fi connect: 1 | OK
2026-07-24 07:46:24,019 - INFO - BLE: Поиск FF:FF:FF:10:FD:CD...
2026-07-24 07:46:26,570 - INFO - BLE: 'open' → FF:FF:FF:10:FD:CD
2026-07-24 07:46:54,089 - INFO - Wi-Fi: Подключение к CAM_d713...
2026-07-24 07:47:06,027 - INFO - Wi-Fi: Подключено к CAM_d713 (попытка 1)
2026-07-24 07:47:06,091 - INFO - HEALTH: камера доступна
2026-07-24 07:47:06,101 - INFO - API cmd=3036: ответ: <?xml version="1.0" encoding="UTF-8" ?>
<Function>
<Cmd>3036</Cmd>
<Status>0</Status>
</Function>
2026-07-24 07:47:06,110 - INFO - API cmd=2024: ответ: <?xml version="1.0" encoding="UTF-8" ?>
<Function>
<Cmd>2024</Cmd>
<Status>0</Status>
<Value>1</Value>
</Function>
2026-07-24 07:47:06,111 - INFO - Переключение в режим фото (cmd=3001&par=0)
2026-07-24 07:47:06,571 - INFO - API cmd=3001: ответ: <?xml version="1.0" encoding="UTF-8" ?>
<Function>
<Cmd>3001</Cmd>
<Status>0</Status>
</Function>
2026-07-24 07:47:06,572 - INFO - Создание снимка (cmd=1001, таймаут 10 сек)...
2026-07-24 07:47:08,104 - INFO - API cmd=1001: ответ: <?xml version="1.0" encoding="UTF-8" ?>
<Function>
<Cmd>1001</Cmd>
<Status>0</Status>
<File>
<NAME>2026-0724-144709_000005.JPG</NAME>
<FPATH>A:\DCIM\PHOTO\2026-0724-144709_000005.JPG</FPATH></File>
<FREEPICNUM>4767</FREEPICNUM>
</Function>

2026-07-24 07:47:08,105 - INFO - Снимок выполнен (Status=0, File=2026-0724-144709_000005.JPG)
2026-07-24 07:47:08,105 - INFO - Возврат в режим фото (cmd=3001&par=0)
2026-07-24 07:47:08,119 - INFO - API cmd=3001: ответ: <?xml version="1.0" encoding="UTF-8" ?>
<Function>
<Cmd>3001</Cmd>
<Status>0</Status>
</Function>
2026-07-24 07:47:08,120 - INFO - BLE: Поиск FF:FF:FF:10:FD:CD...
2026-07-24 07:47:10,514 - INFO - BLE: 'close' → FF:FF:FF:10:FD:CD
2026-07-24 07:47:15,134 - INFO - Wi-Fi: Отключение от 'CAM_d713'...
2026-07-24 07:47:17,994 - INFO - [FF:FF:FF:10:FD:CD] BLE open: 1/8, Wi-Fi connect: 1 | OK
2026-07-24 07:47:17,994 - INFO - 
Цикл #2 завершён за 128 сек. Следующий через 52 сек (0.9 мин)
2026-07-24 07:48:10,458 - INFO - 
==================================================
2026-07-24 07:48:10,458 - INFO - ЦИКЛ #3 | 2026-07-24 07:48:10
2026-07-24 07:48:10,459 - INFO - ==================================================
2026-07-24 07:48:10,713 - INFO - BLE: Поиск FF:FF:FF:10:84:11...
2026-07-24 07:48:12,637 - INFO - BLE: 'open' → FF:FF:FF:10:84:11
2026-07-24 07:48:40,090 - INFO - Wi-Fi: Подключение к CAM_80f2...
2026-07-24 07:48:52,297 - INFO - Wi-Fi: Подключено к CAM_80f2 (попытка 1)
2026-07-24 07:48:52,320 - INFO - HEALTH: камера доступна
2026-07-24 07:48:52,329 - INFO - API cmd=3036: ответ: <?xml version="1.0" encoding="UTF-8" ?>
<Function>
<Cmd>3036</Cmd>
<Status>0</Status>
</Function>
2026-07-24 07:48:52,338 - INFO - API cmd=2024: ответ: <?xml version="1.0" encoding="UTF-8" ?>
<Function>
<Cmd>2024</Cmd>
<Status>0</Status>
<Value>1</Value>
</Function>
2026-07-24 07:48:52,338 - INFO - Переключение в режим фото (cmd=3001&par=0)
2026-07-24 07:48:52,797 - INFO - API cmd=3001: ответ: <?xml version="1.0" encoding="UTF-8" ?>
<Function>
<Cmd>3001</Cmd>
<Status>0</Status>
</Function>
2026-07-24 07:48:52,798 - INFO - Создание снимка (cmd=1001, таймаут 10 сек)...
2026-07-24 07:48:55,233 - INFO - API cmd=1001: ответ: <?xml version="1.0" encoding="UTF-8" ?>
<Function>
<Cmd>1001</Cmd>
<Status>0</Status>
<File>
<NAME>2026-0724-144911_000023.JPG</NAME>
<FPATH>A:\DCIM\PHOTO\2026-0724-144911_000023.JPG</FPATH></File>
<FREEPICNUM>4888</FREEPICNUM>
</Function>

2026-07-24 07:48:55,234 - INFO - Снимок выполнен (Status=0, File=2026-0724-144911_000023.JPG)
2026-07-24 07:48:55,234 - INFO - Возврат в режим фото (cmd=3001&par=0)
2026-07-24 07:48:55,246 - INFO - API cmd=3001: ответ: <?xml version="1.0" encoding="UTF-8" ?>
<Function>
<Cmd>3001</Cmd>
<Status>0</Status>
</Function>
2026-07-24 07:48:55,247 - INFO - BLE: Поиск FF:FF:FF:10:84:11...
2026-07-24 07:48:57,930 - INFO - BLE: 'close' → FF:FF:FF:10:84:11
2026-07-24 07:49:02,137 - INFO - Wi-Fi: Отключение от 'CAM_80f2'...
2026-07-24 07:49:10,217 - INFO - [FF:FF:FF:10:84:11] BLE open: 1/8, Wi-Fi connect: 1 | OK
2026-07-24 07:49:30,251 - INFO - BLE: Поиск FF:FF:FF:10:FD:CD...
2026-07-24 07:49:32,286 - INFO - BLE: 'open' → FF:FF:FF:10:FD:CD
2026-07-24 07:49:59,086 - INFO - Wi-Fi: Подключение к CAM_d713...
2026-07-24 07:50:10,838 - INFO - Wi-Fi: Подключено к CAM_d713 (попытка 1)
2026-07-24 07:50:10,868 - INFO - HEALTH: камера доступна
2026-07-24 07:50:11,029 - INFO - API cmd=3036: ответ: <?xml version="1.0" encoding="UTF-8" ?>
<Function>
<Cmd>3036</Cmd>
<Status>0</Status>
</Function>
2026-07-24 07:50:11,040 - INFO - API cmd=2024: ответ: <?xml version="1.0" encoding="UTF-8" ?>
<Function>
<Cmd>2024</Cmd>
<Status>0</Status>
<Value>1</Value>
</Function>
2026-07-24 07:50:11,222 - INFO - Переключение в режим фото (cmd=3001&par=0)
2026-07-24 07:50:11,682 - INFO - API cmd=3001: ответ: <?xml version="1.0" encoding="UTF-8" ?>
<Function>
<Cmd>3001</Cmd>
<Status>0</Status>
</Function>
2026-07-24 07:50:11,683 - INFO - Создание снимка (cmd=1001, таймаут 10 сек)...
2026-07-24 07:50:13,227 - INFO - API cmd=1001: ответ: <?xml version="1.0" encoding="UTF-8" ?>
<Function>
<Cmd>1001</Cmd>
<Status>0</Status>
<File>
<NAME>2026-0724-145014_000006.JPG</NAME>
<FPATH>A:\DCIM\PHOTO\2026-0724-145014_000006.JPG</FPATH></File>
<FREEPICNUM>4766</FREEPICNUM>
</Function>

2026-07-24 07:50:13,227 - INFO - Снимок выполнен (Status=0, File=2026-0724-145014_000006.JPG)
2026-07-24 07:50:13,228 - INFO - Возврат в режим фото (cmd=3001&par=0)
2026-07-24 07:50:13,241 - INFO - API cmd=3001: ответ: <?xml version="1.0" encoding="UTF-8" ?>
<Function>
<Cmd>3001</Cmd>
<Status>0</Status>
</Function>
2026-07-24 07:50:13,242 - INFO - BLE: Поиск FF:FF:FF:10:FD:CD...
2026-07-24 07:50:15,374 - INFO - BLE: 'close' → FF:FF:FF:10:FD:CD
2026-07-24 07:50:20,006 - INFO - Wi-Fi: Отключение от 'CAM_d713'...
2026-07-24 07:50:20,979 - INFO - [FF:FF:FF:10:FD:CD] BLE open: 1/8, Wi-Fi connect: 1 | OK
2026-07-24 07:50:20,979 - INFO - 
Цикл #3 завершён за 131 сек. Следующий через 49 сек (0.8 мин)
2026-07-24 07:51:10,482 - INFO - 
==================================================
2026-07-24 07:51:10,482 - INFO - ЦИКЛ #4 | 2026-07-24 07:51:10
2026-07-24 07:51:10,673 - INFO - ==================================================
2026-07-24 07:51:10,730 - INFO - BLE: Поиск FF:FF:FF:10:84:11...
2026-07-24 07:51:13,449 - INFO - BLE: 'open' → FF:FF:FF:10:84:11
2026-07-24 07:51:41,077 - INFO - Wi-Fi: Подключение к CAM_80f2...
2026-07-24 07:51:52,672 - INFO - Wi-Fi: Подключено к CAM_80f2 (попытка 1)
2026-07-24 07:51:52,799 - INFO - HEALTH: камера доступна
2026-07-24 07:51:52,808 - INFO - API cmd=3036: ответ: <?xml version="1.0" encoding="UTF-8" ?>
<Function>
<Cmd>3036</Cmd>
<Status>0</Status>
</Function>
2026-07-24 07:51:52,817 - INFO - API cmd=2024: ответ: <?xml version="1.0" encoding="UTF-8" ?>
<Function>
<Cmd>2024</Cmd>
<Status>0</Status>
<Value>1</Value>
</Function>
2026-07-24 07:51:52,818 - INFO - Переключение в режим фото (cmd=3001&par=0)
2026-07-24 07:51:53,283 - INFO - API cmd=3001: ответ: <?xml version="1.0" encoding="UTF-8" ?>
<Function>
<Cmd>3001</Cmd>
<Status>0</Status>
</Function>
2026-07-24 07:51:53,460 - INFO - Создание снимка (cmd=1001, таймаут 10 сек)...
2026-07-24 07:51:55,383 - INFO - API cmd=1001: ответ: <?xml version="1.0" encoding="UTF-8" ?>
<Function>
<Cmd>1001</Cmd>
<Status>0</Status>
<File>
<NAME>2026-0724-145212_000024.JPG</NAME>
<FPATH>A:\DCIM\PHOTO\2026-0724-145212_000024.JPG</FPATH></File>
<FREEPICNUM>4887</FREEPICNUM>
</Function>

2026-07-24 07:51:55,383 - INFO - Снимок выполнен (Status=0, File=2026-0724-145212_000024.JPG)
2026-07-24 07:51:55,384 - INFO - Возврат в режим фото (cmd=3001&par=0)
2026-07-24 07:51:55,396 - INFO - API cmd=3001: ответ: <?xml version="1.0" encoding="UTF-8" ?>
<Function>
<Cmd>3001</Cmd>
<Status>0</Status>
</Function>
2026-07-24 07:51:55,396 - INFO - BLE: Поиск FF:FF:FF:10:84:11...
2026-07-24 07:51:57,841 - INFO - BLE: 'close' → FF:FF:FF:10:84:11
2026-07-24 07:52:02,142 - INFO - Wi-Fi: Отключение от 'CAM_80f2'...
2026-07-24 07:52:05,280 - INFO - [FF:FF:FF:10:84:11] BLE open: 1/8, Wi-Fi connect: 1 | OK
2026-07-24 07:52:25,308 - INFO - BLE: Поиск FF:FF:FF:10:FD:CD...
2026-07-24 07:52:27,202 - INFO - BLE: 'open' → FF:FF:FF:10:FD:CD
2026-07-24 07:52:54,089 - INFO - Wi-Fi: Подключение к CAM_d713...
2026-07-24 07:53:05,859 - INFO - Wi-Fi: Подключено к CAM_d713 (попытка 1)
2026-07-24 07:53:06,006 - INFO - HEALTH: камера доступна
2026-07-24 07:53:06,016 - INFO - API cmd=3036: ответ: <?xml version="1.0" encoding="UTF-8" ?>
<Function>
<Cmd>3036</Cmd>
<Status>0</Status>
</Function>
2026-07-24 07:53:06,030 - INFO - API cmd=2024: ответ: <?xml version="1.0" encoding="UTF-8" ?>
<Function>
<Cmd>2024</Cmd>
<Status>0</Status>
<Value>1</Value>
</Function>
2026-07-24 07:53:06,030 - INFO - Переключение в режим фото (cmd=3001&par=0)
2026-07-24 07:53:07,488 - INFO - API cmd=3001: ответ: <?xml version="1.0" encoding="UTF-8" ?>
<Function>
<Cmd>3001</Cmd>
<Status>0</Status>
</Function>
2026-07-24 07:53:07,488 - INFO - Создание снимка (cmd=1001, таймаут 10 сек)...
2026-07-24 07:53:09,077 - INFO - API cmd=1001: ответ: <?xml version="1.0" encoding="UTF-8" ?>
<Function>
<Cmd>1001</Cmd>
<Status>0</Status>
<File>
<NAME>2026-0724-145310_000007.JPG</NAME>
<FPATH>A:\DCIM\PHOTO\2026-0724-145310_000007.JPG</FPATH></File>
<FREEPICNUM>4765</FREEPICNUM>
</Function>

2026-07-24 07:53:09,078 - INFO - Снимок выполнен (Status=0, File=2026-0724-145310_000007.JPG)
2026-07-24 07:53:09,078 - INFO - Возврат в режим фото (cmd=3001&par=0)
2026-07-24 07:53:09,094 - INFO - API cmd=3001: ответ: <?xml version="1.0" encoding="UTF-8" ?>
<Function>
<Cmd>3001</Cmd>
<Status>0</Status>
</Function>
2026-07-24 07:53:09,095 - INFO - BLE: Поиск FF:FF:FF:10:FD:CD...
2026-07-24 07:53:11,146 - INFO - BLE: 'close' → FF:FF:FF:10:FD:CD
2026-07-24 07:53:15,120 - INFO - Wi-Fi: Отключение от 'CAM_d713'...
2026-07-24 07:53:16,346 - INFO - [FF:FF:FF:10:FD:CD] BLE open: 1/8, Wi-Fi connect: 1 | OK
2026-07-24 07:53:16,347 - INFO - 
Цикл #4 завершён за 126 сек. Следующий через 54 сек (0.9 мин)
2026-07-24 07:54:05,353 - INFO - Получен сигнал 2, завершение...
2026-07-24 07:54:08,387 - INFO - Получен сигнал 2, завершение...
2026-07-24 07:54:10,488 - INFO - Ресурсы освобождены
