2026-07-27 12:13:05,859 - INFO - Лог-файл: logs/take_photo_log_2026-07-27.log
2026-07-27 12:13:05,887 - INFO - Wi-Fi интерфейс: wlo1
2026-07-27 12:13:06,061 - INFO - База данных инициализирована
2026-07-27 12:13:06,082 - INFO - Проверка камер: в БД с SSID=2, ожидается=2
2026-07-27 12:13:06,082 - INFO -   OK: GCBT40 | FF:FF:FF:10:84:11 | SSID: CAM_80f2
2026-07-27 12:13:06,082 - INFO -   OK: GCBT40 | FF:FF:FF:10:FD:CD | SSID: CAM_d713
2026-07-27 12:13:06,085 - INFO - 
==================================================
2026-07-27 12:13:06,086 - INFO - ОНОШОТ-ЦИКЛ | 2026-07-27 12:13:06
2026-07-27 12:13:06,086 - INFO - Камер: 2
2026-07-27 12:13:06,086 - INFO - ==================================================
2026-07-27 12:13:06,178 - INFO - BLE: Поиск FF:FF:FF:10:84:11...
2026-07-27 12:13:08,406 - INFO - BLE: 'open' → FF:FF:FF:10:84:11
2026-07-27 12:13:36,038 - INFO - Wi-Fi: Подключение к CAM_80f2...
2026-07-27 12:13:47,981 - INFO - Wi-Fi: Подключено к CAM_80f2 (попытка 1)
2026-07-27 12:13:48,438 - INFO - HEALTH: камера доступна
2026-07-27 12:13:48,447 - INFO - API cmd=3036: ответ: <?xml version="1.0" encoding="UTF-8" ?>
<Function>
<Cmd>3036</Cmd>
<Status>0</Status>
</Function>
2026-07-27 12:13:48,461 - INFO - API cmd=2024: ответ: <?xml version="1.0" encoding="UTF-8" ?>
<Function>
<Cmd>2024</Cmd>
<Status>0</Status>
<Value>1</Value>
</Function>
2026-07-27 12:13:48,462 - INFO - Переключение в режим фото (cmd=3001&par=0)
2026-07-27 12:13:48,941 - INFO - API cmd=3001: ответ: <?xml version="1.0" encoding="UTF-8" ?>
<Function>
<Cmd>3001</Cmd>
<Status>0</Status>
</Function>
2026-07-27 12:13:48,942 - INFO - Создание снимка (cmd=1001, таймаут 10 сек)...
2026-07-27 12:13:50,875 - INFO - API cmd=1001: ответ: <?xml version="1.0" encoding="UTF-8" ?>
<Function>
<Cmd>1001</Cmd>
<Status>0</Status>
<File>
<NAME>2026-0727-121414_000492.JPG</NAME>
<FPATH>A:\DCIM\PHOTO\2026-0727-121414_000492.JPG</FPATH></File>
<FREEPICNUM>4648</FREEPICNUM>
</Function>

2026-07-27 12:13:50,875 - INFO - Снимок выполнен (Status=0, File=2026-0727-121414_000492.JPG)
2026-07-27 12:13:50,875 - INFO - Возврат в режим фото (cmd=3001&par=0)
2026-07-27 12:13:50,888 - INFO - API cmd=3001: ответ: <?xml version="1.0" encoding="UTF-8" ?>
<Function>
<Cmd>3001</Cmd>
<Status>0</Status>
</Function>
2026-07-27 12:13:50,889 - INFO - BLE: Поиск FF:FF:FF:10:84:11...
2026-07-27 12:13:52,438 - INFO - BLE: 'close' → FF:FF:FF:10:84:11
2026-07-27 12:13:57,071 - INFO - Wi-Fi: Отключение от 'CAM_80f2'...
2026-07-27 12:13:58,084 - INFO - [FF:FF:FF:10:84:11] BLE open: 1/8, Wi-Fi connect: 1 | OK
2026-07-27 12:14:18,125 - INFO - BLE: Поиск FF:FF:FF:10:FD:CD...
2026-07-27 12:14:21,581 - INFO - BLE: 'open' → FF:FF:FF:10:FD:CD
2026-07-27 12:14:49,011 - INFO - Wi-Fi: Подключение к CAM_d713...
2026-07-27 12:15:00,889 - INFO - Wi-Fi: Подключено к CAM_d713 (попытка 1)
2026-07-27 12:15:00,997 - INFO - HEALTH: камера доступна
2026-07-27 12:15:01,010 - INFO - API cmd=3036: ответ: <?xml version="1.0" encoding="UTF-8" ?>
<Function>
<Cmd>3036</Cmd>
<Status>0</Status>
</Function>
2026-07-27 12:15:01,020 - INFO - API cmd=2024: ответ: <?xml version="1.0" encoding="UTF-8" ?>
<Function>
<Cmd>2024</Cmd>
<Status>0</Status>
<Value>1</Value>
</Function>
2026-07-27 12:15:01,199 - INFO - Переключение в режим фото (cmd=3001&par=0)
2026-07-27 12:15:01,806 - INFO - API cmd=3001: ответ: <?xml version="1.0" encoding="UTF-8" ?>
<Function>
<Cmd>3001</Cmd>
<Status>0</Status>
</Function>
2026-07-27 12:15:01,807 - INFO - Создание снимка (cmd=1001, таймаут 10 сек)...
2026-07-27 12:15:03,298 - INFO - API cmd=1001: ответ: <?xml version="1.0" encoding="UTF-8" ?>
<Function>
<Cmd>1001</Cmd>
<Status>0</Status>
<File>
<NAME>2026-0727-121510_000251.JPG</NAME>
<FPATH>A:\DCIM\PHOTO\2026-0727-121510_000251.JPG</FPATH></File>
<FREEPICNUM>4610</FREEPICNUM>
</Function>

2026-07-27 12:15:03,298 - INFO - Снимок выполнен (Status=0, File=2026-0727-121510_000251.JPG)
2026-07-27 12:15:03,299 - INFO - Возврат в режим фото (cmd=3001&par=0)
2026-07-27 12:15:03,311 - INFO - API cmd=3001: ответ: <?xml version="1.0" encoding="UTF-8" ?>
<Function>
<Cmd>3001</Cmd>
<Status>0</Status>
</Function>
2026-07-27 12:15:03,311 - INFO - BLE: Поиск FF:FF:FF:10:FD:CD...
2026-07-27 12:15:04,910 - INFO - BLE: 'close' → FF:FF:FF:10:FD:CD
2026-07-27 12:15:09,075 - INFO - Wi-Fi: Отключение от 'CAM_d713'...
2026-07-27 12:15:12,184 - INFO - [FF:FF:FF:10:FD:CD] BLE open: 1/8, Wi-Fi connect: 1 | OK
2026-07-27 12:15:12,185 - INFO - 
Цикл завершён за 126 сек
2026-07-27 12:15:12,190 - INFO - Ресурсы освобождены
